 fftw3

 Timestamp is 3fb3638b (Thu Nov 13 11:57:15 2003)

 Preferred load address is 10000000

 Start         Length     Name                   Class
 0001:00000000 0019cb26H .text                   CODE
 0002:00000000 0000004cH .idata$5                DATA
 0002:0000004c 00000000H .rdata                  DATA
 0002:0000004c 00000028H .idata$2                DATA
 0002:00000074 00000014H .idata$3                DATA
 0002:00000088 0000004cH .idata$4                DATA
 0002:000000d4 000000d4H .idata$6                DATA
 0002:000001b0 000017a4H .edata                  DATA
 0003:00000000 00000004H .CRT$XCA                DATA
 0003:00000004 00000004H .CRT$XCZ                DATA
 0003:00000008 00000004H .CRT$XIA                DATA
 0003:0000000c 00000004H .CRT$XIZ                DATA
 0003:00000020 000052d0H .data                   DATA
 0003:00005300 0000017cH .bss                    DATA
 0004:00000000 0001f358H .data1                  DATA

  Address         Publics by Value              Rva+Base     Lib:Object

 0001:00000000       __CRT_INIT@12              10001000 f   msvcrt:crtdll.obj
 0001:000000ab       __DllMainCRTStartup@12     100010ab f   msvcrt:crtdll.obj
 0001:00000148       _free                      10001148 f   msvcrt:MSVCRT.dll
 0001:0000014e       __initterm                 1000114e f   msvcrt:MSVCRT.dll
 0001:00000154       _malloc                    10001154 f   msvcrt:MSVCRT.dll
 0001:0000015a       _DllMain@12                1000115a f   msvcrt:dllmain.obj
 0001:0000017c       _fftw_assertion_failed     1000117c f   FFTW3f:assert.obj
 0001:0000017c       _fftwf_assertion_failed    1000117c f   FFTW3f:assert.obj
 0001:0000017c       _fftwl_assertion_failed    1000117c f   FFTW3f:assert.obj
 0001:000001ac       _fftwf_the_planner         100011ac f   FFTW3f:the-planner.obj
 0001:000001d0       _fftwf_cleanup             100011d0 f   FFTW3f:the-planner.obj
 0001:000001ec       _fftwf_mkapiplan           100011ec f   FFTW3f:apiplan.obj
 0001:000002ac       _fftwf_destroy_plan        100012ac f   FFTW3f:apiplan.obj
 0001:000002d8       _fftwf_execute             100012d8 f   FFTW3f:execute.obj
 0001:000002d8       _fftw_execute              100012d8 f   FFTW3f:execute.obj
 0001:000002d8       _fftwl_execute             100012d8 f   FFTW3f:execute.obj
 0001:00000300       _fftwf_execute_dft         10001300 f   FFTW3f:execute-dft.obj
 0001:0000035c       _fftwf_execute_dft_c2r     1000135c f   FFTW3f:execute-dft-c2r.obj
 0001:00000390       _fftwf_execute_dft_r2c     10001390 f   FFTW3f:execute-dft-r2c.obj
 0001:000003c4       _fftwf_export_wisdom       100013c4 f   FFTW3f:export-wisdom.obj
 0001:00000400       _fftwf_export_wisdom_to_file 10001400 f   FFTW3f:export-wisdom-to-file.obj
 0001:00000470       _fftwf_export_wisdom_to_string 10001470 f   FFTW3f:export-wisdom-to-string.obj
 0001:000004c8       _fftwf_forget_wisdom       100014c8 f   FFTW3f:forget-wisdom.obj
 0001:000004dc       _fftwf_fprint_plan         100014dc f   FFTW3f:print-plan.obj
 0001:00000500       _fftwf_print_plan          10001500 f   FFTW3f:print-plan.obj
 0001:00000528       _fftwf_malloc              10001528 f   FFTW3f:alloc.obj
 0001:00000534       _fftwf_free                10001534 f   FFTW3f:alloc.obj
 0001:00000540       _fftwf_malloc_plain        10001540 f   FFTW3f:alloc.obj
 0001:00000578       _fftwf_ifree               10001578 f   FFTW3f:alloc.obj
 0001:00000584       _fftwf_ifree0              10001584 f   FFTW3f:alloc.obj
 0001:00000594       _fftw_import_system_wisdom 10001594 f   FFTW3f:import-system-wisdom.obj
 0001:00000594       _fftwl_import_system_wisdom 10001594 f   FFTW3f:import-system-wisdom.obj
 0001:00000594       _fftwf_import_system_wisdom 10001594 f   FFTW3f:import-system-wisdom.obj
 0001:000005a4       _fftwf_import_wisdom       100015a4 f   FFTW3f:import-wisdom.obj
 0001:00000610       _fftwf_import_wisdom_from_file 10001610 f   FFTW3f:import-wisdom-from-file.obj
 0001:00000674       _fftwf_import_wisdom_from_string 10001674 f   FFTW3f:import-wisdom-from-string.obj
 0001:000006e0       _fftwf_mkprinter_file      100016e0 f   FFTW3f:mkprinter-file.obj
 0001:00000708       _fftwf_mkplan              10001708 f   FFTW3f:plan.obj
 0001:0000073c       _fftwf_plan_destroy_internal 1000173c f   FFTW3f:plan.obj
 0001:00000768       _fftwl_plan_awake          10001768 f   FFTW3f:plan.obj
 0001:00000768       _fftw_plan_awake           10001768 f   FFTW3f:plan.obj
 0001:00000768       _fftwf_plan_awake          10001768 f   FFTW3f:plan.obj
 0001:000007a8       _fftwf_plan_dft            100017a8 f   FFTW3f:plan-dft.obj
 0001:000007d8       _fftwf_plan_dft_1d         100017d8 f   FFTW3f:plan-dft-1d.obj
 0001:000007f8       _fftwf_plan_dft_2d         100017f8 f   FFTW3f:plan-dft-2d.obj
 0001:0000082c       _fftwf_plan_dft_3d         1000182c f   FFTW3f:plan-dft-3d.obj
 0001:00000868       _fftwf_plan_dft_c2r        10001868 f   FFTW3f:plan-dft-c2r.obj
 0001:00000894       _fftwf_plan_dft_c2r_1d     10001894 f   FFTW3f:plan-dft-c2r-1d.obj
 0001:000008b0       _fftwf_plan_dft_c2r_2d     100018b0 f   FFTW3f:plan-dft-c2r-2d.obj
 0001:000008e0       _fftwf_plan_dft_c2r_3d     100018e0 f   FFTW3f:plan-dft-c2r-3d.obj
 0001:00000918       _fftwf_plan_dft_r2c        10001918 f   FFTW3f:plan-dft-r2c.obj
 0001:00000944       _fftwf_plan_dft_r2c_1d     10001944 f   FFTW3f:plan-dft-r2c-1d.obj
 0001:00000960       _fftwf_plan_dft_r2c_2d     10001960 f   FFTW3f:plan-dft-r2c-2d.obj
 0001:00000990       _fftwf_plan_dft_r2c_3d     10001990 f   FFTW3f:plan-dft-r2c-3d.obj
 0001:000009c8       _fftwf_plan_guru_dft       100019c8 f   FFTW3f:plan-guru-dft.obj
 0001:00000ac0       _fftwf_plan_guru_dft_c2r   10001ac0 f   FFTW3f:plan-guru-dft-c2r.obj
 0001:00000b98       _fftwf_plan_guru_dft_r2c   10001b98 f   FFTW3f:plan-guru-dft-r2c.obj
 0001:00000c5c       _fftwf_plan_guru_r2r       10001c5c f   FFTW3f:plan-guru-r2r.obj
 0001:00000d14       _fftwf_plan_guru_split_dft 10001d14 f   FFTW3f:plan-guru-split-dft.obj
 0001:00000e00       _fftwf_plan_guru_split_dft_c2r 10001e00 f   FFTW3f:plan-guru-split-dft-c2r.obj
 0001:00000ecc       _fftwf_plan_guru_split_dft_r2c 10001ecc f   FFTW3f:plan-guru-split-dft-r2c.obj
 0001:00000f7c       _fftwf_plan_many_dft       10001f7c f   FFTW3f:plan-many-dft.obj
 0001:000010ac       _fftwf_plan_many_dft_c2r   100020ac f   FFTW3f:plan-many-dft-c2r.obj
 0001:000011f8       _fftwf_plan_many_dft_r2c   100021f8 f   FFTW3f:plan-many-dft-r2c.obj
 0001:00001334       _fftwf_plan_many_r2r       10002334 f   FFTW3f:plan-many-r2r.obj
 0001:0000141c       _fftwf_plan_r2r            1000241c f   FFTW3f:plan-r2r.obj
 0001:0000144c       _fftwf_plan_r2r_1d         1000244c f   FFTW3f:plan-r2r-1d.obj
 0001:00001470       _fftwf_plan_r2r_2d         10002470 f   FFTW3f:plan-r2r-2d.obj
 0001:000014b4       _fftwf_plan_r2r_3d         100024b4 f   FFTW3f:plan-r2r-3d.obj
 0001:00001894       _fftwf_mkprinter           10002894 f   FFTW3f:print.obj
 0001:000018c8       _fftwf_printer_destroy     100028c8 f   FFTW3f:print.obj
 0001:00001a2c       _fftwf_problem_dft_p       10002a2c f   FFTW3f:problem.obj
 0001:00001a40       _fftwf_mkproblem_dft       10002a40 f   FFTW3f:problem.obj
 0001:00001adc       _fftwf_mkproblem_dft_d     10002adc f   FFTW3f:problem.obj
 0001:00001c78       _fftwf_problem_rdft2_p     10002c78 f   FFTW3f:problem2.obj
 0001:00001c8c       _fftwf_mkproblem_rdft2     10002c8c f   FFTW3f:problem2.obj
 0001:00001dbc       _fftwf_mkproblem_rdft2_d   10002dbc f   FFTW3f:problem2.obj
 0001:00002008       _fftwf_rdft_zerotens       10003008 f   FFTW3f:problem.obj
 0001:00002020       _fftwf_rdft_kind_str       10003020 f   FFTW3f:problem.obj
 0001:000020cc       _fftwf_problem_rdft_p      100030cc f   FFTW3f:problem.obj
 0001:000020e0       _fftwf_mkproblem_rdft      100030e0 f   FFTW3f:problem.obj
 0001:000023cc       _fftwf_mkproblem_rdft_d    100033cc f   FFTW3f:problem.obj
 0001:000023fc       _fftwf_mkproblem_rdft_1    100033fc f   FFTW3f:problem.obj
 0001:0000241c       _fftwf_mkproblem_rdft_1_d  1000341c f   FFTW3f:problem.obj
 0001:0000304c       _fftwf_mkplanner           1000404c f   FFTW3f:planner.obj
 0001:000030b8       _fftwf_planner_destroy     100040b8 f   FFTW3f:planner.obj
 0001:00003118       _fftw_mkplan_d             10004118 f   FFTW3f:planner.obj
 0001:00003118       _fftwl_mkplan_d            10004118 f   FFTW3f:planner.obj
 0001:00003118       _fftwf_mkplan_d            10004118 f   FFTW3f:planner.obj
 0001:0000313c       _fftwf_configure_planner   1000413c f   FFTW3f:configure.obj
 0001:00003158       _fftwf_mapflags            10004158 f   FFTW3f:mapflags.obj
 0001:0000331c       _fftwf_mkproblem           1000431c f   FFTW3f:problem.obj
 0001:00003634       _fftwf_mkscanner           10004634 f   FFTW3f:scan.obj
 0001:0000365c       _fftwf_ops_zero            1000465c f   FFTW3f:ops.obj
 0001:00003674       _fftwf_ops_other           10004674 f   FFTW3f:ops.obj
 0001:00003698       _fftw_ops_madd             10004698 f   FFTW3f:ops.obj
 0001:00003698       _fftwf_ops_madd            10004698 f   FFTW3f:ops.obj
 0001:00003698       _fftwl_ops_madd            10004698 f   FFTW3f:ops.obj
 0001:000036d8       _fftwf_ops_add             100046d8 f   FFTW3f:ops.obj
 0001:000036d8       _fftwl_ops_add             100046d8 f   FFTW3f:ops.obj
 0001:000036d8       _fftw_ops_add              100046d8 f   FFTW3f:ops.obj
 0001:000036f0       _fftwf_ops_madd2           100046f0 f   FFTW3f:ops.obj
 0001:000036f0       _fftw_ops_madd2            100046f0 f   FFTW3f:ops.obj
 0001:000036f0       _fftwl_ops_madd2           100046f0 f   FFTW3f:ops.obj
 0001:00003708       _fftwf_mktensor_iodims     10004708 f   FFTW3f:mktensor-iodims.obj
 0001:00003940       _fftwf_guru_kosherp        10004940 f   FFTW3f:mktensor-iodims.obj
 0001:00003978       _fftwf_extract_reim        10004978 f   FFTW3f:extract-reim.obj
 0001:000039a8       _fftwf_taint               100049a8 f   FFTW3f:taint.obj
 0001:000039c8       _fftwf_join_taint          100049c8 f   FFTW3f:taint.obj
 0001:000039c8       _fftw_join_taint           100049c8 f   FFTW3f:taint.obj
 0001:000039d4       _fftwf_map_r2r_kind        100049d4 f   FFTW3f:map-r2r-kind.obj
 0001:00003a60       _fftwf_mktensor_rowmajor   10004a60 f   FFTW3f:mktensor-rowmajor.obj
 0001:00003b78       _fftwf_many_kosherp        10004b78 f   FFTW3f:mktensor-rowmajor.obj
 0001:00003ba0       _fftwf_mktensor_0d         10004ba0 f   FFTW3f:tensor1.obj
 0001:00003bac       _fftwf_mktensor_1d         10004bac f   FFTW3f:tensor1.obj
 0001:00003bcc       _fftwf_rdft2_pad           10004bcc f   FFTW3f:rdft2-pad.obj
 0001:00003c5c       _fftwf_mktensor            10004c5c f   FFTW3f:tensor.obj
 0001:00003c90       _fftwf_scanner_destroy     10004c90 f   FFTW3f:tensor.obj
 0001:00003c90       _fftwf_tensor_destroy      10004c90 f   FFTW3f:tensor.obj
 0001:00003c9c       _fftw_tensor_sz            10004c9c f   FFTW3f:tensor.obj
 0001:00003c9c       _fftwf_tensor_sz           10004c9c f   FFTW3f:tensor.obj
 0001:00003c9c       _fftwl_tensor_sz           10004c9c f   FFTW3f:tensor.obj
 0001:00003d1c       _fftwf_tensor_md5          10004d1c f   FFTW3f:tensor.obj
 0001:00003da0       _fftw_tensor_print         10004da0 f   FFTW3f:tensor.obj
 0001:00003da0       _fftwl_tensor_print        10004da0 f   FFTW3f:tensor.obj
 0001:00003da0       _fftwf_tensor_print        10004da0 f   FFTW3f:tensor.obj
 0001:00003e34       _fftwf_tensor_destroy2     10004e34 f   FFTW3f:tensor8.obj
 0001:00003e4c       _fftwf_tensor_destroy4     10004e4c f   FFTW3f:tensor8.obj
 0001:00003e6c       _fftwf_md5putb             10004e6c f   FFTW3f:md5-1.obj
 0001:00003eb8       _fftwf_md5puts             10004eb8 f   FFTW3f:md5-1.obj
 0001:00003edc       _fftwf_md5unsigned         10004edc f   FFTW3f:md5-1.obj
 0001:00003edc       _fftwf_md5ptrdiff          10004edc f   FFTW3f:md5-1.obj
 0001:00003edc       _fftwf_md5int              10004edc f   FFTW3f:md5-1.obj
 0001:00003ef0       _fftwf_tensor_copy         10004ef0 f   FFTW3f:tensor5.obj
 0001:00003f18       _fftwf_tensor_copy_inplace 10004f18 f   FFTW3f:tensor5.obj
 0001:00003f80       _fftwf_tensor_copy_except  10004f80 f   FFTW3f:tensor5.obj
 0001:00003fd0       _fftwf_tensor_copy_sub     10004fd0 f   FFTW3f:tensor5.obj
 0001:00004008       _fftwf_tensor_append       10005008 f   FFTW3f:tensor5.obj
 0001:0000426c       _fftwf_dft_zerotens        1000526c f   FFTW3f:zero.obj
 0001:00004288       _fftwf_tensor_compress     10005288 f   FFTW3f:tensor7.obj
 0001:00004340       _fftwf_tensor_compress_contiguous 10005340 f   FFTW3f:tensor7.obj
 0001:000044e0       _fftwf_tensor_split        100054e0 f   FFTW3f:tensor7.obj
 0001:00004514       _fftwf_mksolver            10005514 f   FFTW3f:solver.obj
 0001:0000452c       _fftwf_solver_use          1000552c f   FFTW3f:solver.obj
 0001:0000452c       _fftwl_solver_use          1000552c f   FFTW3f:solver.obj
 0001:0000452c       _fftw_solver_use           1000552c f   FFTW3f:solver.obj
 0001:00004538       _fftwf_solver_destroy      10005538 f   FFTW3f:solver.obj
 0001:00004550       _fftwl_hash                10005550 f   FFTW3f:hash.obj
 0001:00004550       _fftwf_hash                10005550 f   FFTW3f:hash.obj
 0001:00004550       _fftw_hash                 10005550 f   FFTW3f:hash.obj
 0001:000048bc       _fftwf_md5putc             100058bc f   FFTW3f:md5.obj
 0001:000048ec       _fftwf_md5end              100058ec f   FFTW3f:md5.obj
 0001:00004950       _fftwf_power_mod           10005950 f   FFTW3f:primes.obj
 0001:000049d0       _fftwf_find_generator      100059d0 f   FFTW3f:primes.obj
 0001:00004a5c       _fftwf_next_prime          10005a5c f   FFTW3f:primes.obj
 0001:00004a5c       _fftw_next_prime           10005a5c f   FFTW3f:primes.obj
 0001:00004a5c       _fftwl_next_prime          10005a5c f   FFTW3f:primes.obj
 0001:00004ae8       _fftwf_measure_execution_time 10005ae8 f   FFTW3f:timer.obj
 0001:00004bdc       _fftwf_dft_conf_standard   10005bdc f   FFTW3f:conf.obj
 0001:00004c14       _fftwf_rdft_conf_standard  10005c14 f   FFTW3f:conf.obj
 0001:00004c4c       _fftwf_reodft_conf_standard 10005c4c f   FFTW3f:conf.obj
 0001:00004f0c       _fftwf_dft_indirect_register 10005f0c f   FFTW3f:indirect.obj
 0001:0000524c       _fftwf_dft_rank0_register  1000624c f   FFTW3f:rank0.obj
 0001:0000551c       _fftwf_dft_rank_geq2_register 1000651c f   FFTW3f:rank-geq2.obj
 0001:0000588c       _fftwf_dft_vrank_geq1_register 1000688c f   FFTW3f:vrank-geq1.obj
 0001:00005c30       _fftwf_dft_vrank2_transpose_register 10006c30 f   FFTW3f:vrank2-transpose.obj
 0001:00006258       _fftwf_dft_vrank3_transpose_register 10007258 f   FFTW3f:vrank3-transpose.obj
 0001:000068dc       _fftwf_dft_buffered_register 100078dc f   FFTW3f:buffered.obj
 0001:00006d80       _fftwf_dft_generic_register 10007d80 f   FFTW3f:generic.obj
 0001:00007ae8       _fftwf_dft_rader_register  10008ae8 f   FFTW3f:rader.obj
 0001:00007bb8       _fftwf_dft_nop_register    10008bb8 f   FFTW3f:nop.obj
 0001:00007e50       _fftwf_rdft_indirect_register 10008e50 f   FFTW3f:indirect.obj
 0001:000080a4       _fftwf_rdft_rank0_register 100090a4 f   FFTW3f:rank0.obj
 0001:000083dc       _fftwf_rdft_vrank_geq1_register 100093dc f   FFTW3f:vrank-geq1.obj
 0001:000084b4       _fftwf_rdft_nop_register   100094b4 f   FFTW3f:nop.obj
 0001:000089d0       _fftwf_rdft_buffered_register 100099d0 f   FFTW3f:buffered.obj
 0001:00009b44       _fftwf_rdft_rader_hc2hc_register 1000ab44 f   FFTW3f:rader-hc2hc.obj
 0001:0000a740       _fftwf_rdft_generic_register 1000b740 f   FFTW3f:generic.obj
 0001:0000a9bc       _fftwf_rdft_rank_geq2_register 1000b9bc f   FFTW3f:rank-geq2.obj
 0001:0000ac90       _fftwf_dft_r2hc_register   1000bc90 f   FFTW3f:dft-r2hc.obj
 0001:0000b0a8       _fftwf_rdft_dht_register   1000c0a8 f   FFTW3f:rdft-dht.obj
 0001:0000b26c       _fftwf_dht_r2hc_register   1000c26c f   FFTW3f:dht-r2hc.obj
 0001:0000bd38       _fftwf_dht_rader_register  1000cd38 f   FFTW3f:dht-rader.obj
 0001:0000c0d8       _fftwf_rdft2_vrank_geq1_register 1000d0d8 f   FFTW3f:vrank-geq1-rdft2.obj
 0001:0000c1c8       _fftwf_rdft2_nop_register  1000d1c8 f   FFTW3f:nop2.obj
 0001:0000c64c       _fftwf_rdft2_rank0_register 1000d64c f   FFTW3f:rank0-rdft2.obj
 0001:0000d5dc       _fftwf_rdft2_buffered_register 1000e5dc f   FFTW3f:buffered2.obj
 0001:0000d930       _fftwf_rdft2_rank_geq2_register 1000e930 f   FFTW3f:rank-geq2-rdft2.obj
 0001:0000e388       _fftwf_rdft2_radix2_register 1000f388 f   FFTW3f:rdft2-radix2.obj
 0001:0000e800       _fftwf_redft00e_r2hc_pad_register 1000f800 f   FFTW3f:redft00e-r2hc-pad.obj
 0001:0000ecc0       _fftwf_rodft00e_r2hc_pad_register 1000fcc0 f   FFTW3f:rodft00e-r2hc-pad.obj
 0001:0000f908       _fftwf_reodft010e_r2hc_register 10010908 f   FFTW3f:reodft010e-r2hc.obj
 0001:0001044c       _fftwf_reodft11e_radix2_r2hc_register 1001144c f   FFTW3f:reodft11e-radix2.obj
 0001:000119b4       _fftwf_reodft11e_r2hc_odd_register 100129b4 f   FFTW3f:reodft11e-r2hc-odd.obj
 0001:000119c8       _fftw_tensor_inplace_strides 100129c8 f   FFTW3f:tensor4.obj
 0001:000119c8       _fftwl_tensor_inplace_strides 100129c8 f   FFTW3f:tensor4.obj
 0001:000119c8       _fftwf_tensor_inplace_strides 100129c8 f   FFTW3f:tensor4.obj
 0001:00011a50       _fftwf_tensor_inplace_strides2 10012a50 f   FFTW3f:tensor4.obj
 0001:00011a50       _fftw_tensor_inplace_strides2 10012a50 f   FFTW3f:tensor4.obj
 0001:00011a50       _fftwl_tensor_inplace_strides2 10012a50 f   FFTW3f:tensor4.obj
 0001:00011a78       _fftwf_mkplan_rdft2        10012a78 f   FFTW3f:plan.obj
 0001:00011a78       _fftwf_mkplan_rdft         10012a78 f   FFTW3f:plan.obj
 0001:00011a78       _fftwf_mkplan_dft          10012a78 f   FFTW3f:plan.obj
 0001:00011a90       _fftwf_pickdim             10012a90 f   FFTW3f:pickdim.obj
 0001:00011bfc       _fftwf_transposable        10012bfc f   FFTW3f:transpose.obj
 0001:00011c48       _fftwf_transpose_dims      10012c48 f   FFTW3f:transpose.obj
 0001:00011ca4       _fftwf_transpose_simplep   10012ca4 f   FFTW3f:transpose.obj
 0001:00011cf0       _fftwf_transpose_slowp     10012cf0 f   FFTW3f:transpose.obj
 0001:00012634       _fftwf_transpose           10013634 f   FFTW3f:transpose.obj
 0001:000127d4       _fftwf_transpose_slow      100137d4 f   FFTW3f:transpose.obj
 0001:00012b54       _fftwf_mktensor_2d         10013b54 f   FFTW3f:tensor2.obj
 0001:00012c68       _fftwf_twiddle_length      10013c68 f   FFTW3f:twiddle.obj
 0001:00012e1c       _fftwf_mktwiddle           10013e1c f   FFTW3f:twiddle.obj
 0001:00012ea4       _fftwf_twiddle_destroy     10013ea4 f   FFTW3f:twiddle.obj
 0001:00012efc       _fftwf_twiddle_awake       10013efc f   FFTW3f:twiddle.obj
 0001:00012f2c       _fftwf_rader_tl_insert     10013f2c f   FFTW3f:rader.obj
 0001:00012f64       _fftwf_rader_tl_delete     10013f64 f   FFTW3f:rader.obj
 0001:00012fc0       _fftwf_cos2pi              10013fc0 f   FFTW3f:trig.obj
 0001:00012fe8       _fftwf_sin2pi              10013fe8 f   FFTW3f:trig.obj
 0001:00013010       _fftwf_tan2pi              10014010 f   FFTW3f:trig.obj
 0001:00013018       _fftwf_dft_rader_mkomega   10014018 f   FFTW3f:rader-omega.obj
 0001:0001311c       _fftwf_dft_rader_free_omega 1001411c f   FFTW3f:rader-omega.obj
 0001:000131d0       _fftwf_codelet_n1fv_2      100141d0 f   FFTW3f:n1fv_2.obj
 0001:000132d8       _fftwf_codelet_n1fv_3      100142d8 f   FFTW3f:n1fv_3.obj
 0001:000133f8       _fftwf_codelet_n1fv_4      100143f8 f   FFTW3f:n1fv_4.obj
 0001:000135ac       _fftwf_codelet_n1fv_5      100145ac f   FFTW3f:n1fv_5.obj
 0001:00013780       _fftwf_codelet_n1fv_6      10014780 f   FFTW3f:n1fv_6.obj
 0001:00013a44       _fftwf_codelet_n1fv_7      10014a44 f   FFTW3f:n1fv_7.obj
 0001:00013c98       _fftwf_codelet_n1fv_8      10014c98 f   FFTW3f:n1fv_8.obj
 0001:00014058       _fftwf_codelet_n1fv_9      10015058 f   FFTW3f:n1fv_9.obj
 0001:000143f0       _fftwf_codelet_n1fv_10     100153f0 f   FFTW3f:n1fv_10.obj
 0001:000149c4       _fftwf_codelet_n1fv_11     100159c4 f   FFTW3f:n1fv_11.obj
 0001:00014d9c       _fftwf_codelet_n1fv_12     10015d9c f   FFTW3f:n1fv_12.obj
 0001:00015420       _fftwf_codelet_n1fv_13     10016420 f   FFTW3f:n1fv_13.obj
 0001:00015a20       _fftwf_codelet_n1fv_14     10016a20 f   FFTW3f:n1fv_14.obj
 0001:000160a0       _fftwf_codelet_n1fv_15     100170a0 f   FFTW3f:n1fv_15.obj
 0001:000165d4       _fftwf_codelet_n1fv_16     100175d4 f   FFTW3f:n1fv_16.obj
 0001:00016684       _fftwf_codelet_n1bv_2      10017684 f   FFTW3f:n1bv_2.obj
 0001:0001678c       _fftwf_codelet_n1bv_3      1001778c f   FFTW3f:n1bv_3.obj
 0001:000168ac       _fftwf_codelet_n1bv_4      100178ac f   FFTW3f:n1bv_4.obj
 0001:00016a60       _fftwf_codelet_n1bv_5      10017a60 f   FFTW3f:n1bv_5.obj
 0001:00016c30       _fftwf_codelet_n1bv_6      10017c30 f   FFTW3f:n1bv_6.obj
 0001:00016ef4       _fftwf_codelet_n1bv_7      10017ef4 f   FFTW3f:n1bv_7.obj
 0001:00017148       _fftwf_codelet_n1bv_8      10018148 f   FFTW3f:n1bv_8.obj
 0001:0001750c       _fftwf_codelet_n1bv_9      1001850c f   FFTW3f:n1bv_9.obj
 0001:000178a4       _fftwf_codelet_n1bv_10     100188a4 f   FFTW3f:n1bv_10.obj
 0001:00017e80       _fftwf_codelet_n1bv_11     10018e80 f   FFTW3f:n1bv_11.obj
 0001:0001824c       _fftwf_codelet_n1bv_12     1001924c f   FFTW3f:n1bv_12.obj
 0001:000188d4       _fftwf_codelet_n1bv_13     100198d4 f   FFTW3f:n1bv_13.obj
 0001:00018ed4       _fftwf_codelet_n1bv_14     10019ed4 f   FFTW3f:n1bv_14.obj
 0001:00019540       _fftwf_codelet_n1bv_15     1001a540 f   FFTW3f:n1bv_15.obj
 0001:00019a74       _fftwf_codelet_n1bv_16     1001aa74 f   FFTW3f:n1bv_16.obj
 0001:00019b08       _fftwf_codelet_n2fv_2      1001ab08 f   FFTW3f:n2fv_2.obj
 0001:00019be0       _fftwf_codelet_n2fv_3      1001abe0 f   FFTW3f:n2fv_3.obj
 0001:00019cc0       _fftwf_codelet_n2fv_4      1001acc0 f   FFTW3f:n2fv_4.obj
 0001:00019e18       _fftwf_codelet_n2fv_5      1001ae18 f   FFTW3f:n2fv_5.obj
 0001:00019f80       _fftwf_codelet_n2fv_6      1001af80 f   FFTW3f:n2fv_6.obj
 0001:0001a1c8       _fftwf_codelet_n2fv_7      1001b1c8 f   FFTW3f:n2fv_7.obj
 0001:0001a38c       _fftwf_codelet_n2fv_8      1001b38c f   FFTW3f:n2fv_8.obj
 0001:0001a6ac       _fftwf_codelet_n2fv_9      1001b6ac f   FFTW3f:n2fv_9.obj
 0001:0001a990       _fftwf_codelet_n2fv_10     1001b990 f   FFTW3f:n2fv_10.obj
 0001:0001ae9c       _fftwf_codelet_n2fv_11     1001be9c f   FFTW3f:n2fv_11.obj
 0001:0001b19c       _fftwf_codelet_n2fv_12     1001c19c f   FFTW3f:n2fv_12.obj
 0001:0001b72c       _fftwf_codelet_n2fv_13     1001c72c f   FFTW3f:n2fv_13.obj
 0001:0001bc30       _fftwf_codelet_n2fv_14     1001cc30 f   FFTW3f:n2fv_14.obj
 0001:0001c1a0       _fftwf_codelet_n2fv_15     1001d1a0 f   FFTW3f:n2fv_15.obj
 0001:0001c5b4       _fftwf_codelet_n2fv_16     1001d5b4 f   FFTW3f:n2fv_16.obj
 0001:0001c648       _fftwf_codelet_n2bv_2      1001d648 f   FFTW3f:n2bv_2.obj
 0001:0001c720       _fftwf_codelet_n2bv_3      1001d720 f   FFTW3f:n2bv_3.obj
 0001:0001c800       _fftwf_codelet_n2bv_4      1001d800 f   FFTW3f:n2bv_4.obj
 0001:0001c958       _fftwf_codelet_n2bv_5      1001d958 f   FFTW3f:n2bv_5.obj
 0001:0001cabc       _fftwf_codelet_n2bv_6      1001dabc f   FFTW3f:n2bv_6.obj
 0001:0001cd04       _fftwf_codelet_n2bv_7      1001dd04 f   FFTW3f:n2bv_7.obj
 0001:0001cec8       _fftwf_codelet_n2bv_8      1001dec8 f   FFTW3f:n2bv_8.obj
 0001:0001d1e8       _fftwf_codelet_n2bv_9      1001e1e8 f   FFTW3f:n2bv_9.obj
 0001:0001d4cc       _fftwf_codelet_n2bv_10     1001e4cc f   FFTW3f:n2bv_10.obj
 0001:0001d9e0       _fftwf_codelet_n2bv_11     1001e9e0 f   FFTW3f:n2bv_11.obj
 0001:0001dcd4       _fftwf_codelet_n2bv_12     1001ecd4 f   FFTW3f:n2bv_12.obj
 0001:0001e268       _fftwf_codelet_n2bv_13     1001f268 f   FFTW3f:n2bv_13.obj
 0001:0001e76c       _fftwf_codelet_n2bv_14     1001f76c f   FFTW3f:n2bv_14.obj
 0001:0001ecc8       _fftwf_codelet_n2bv_15     1001fcc8 f   FFTW3f:n2bv_15.obj
 0001:0001f0dc       _fftwf_codelet_n2bv_16     100200dc f   FFTW3f:n2bv_16.obj
 0001:0001f620       _fftwf_codelet_m1fv_16     10020620 f   FFTW3f:m1fv_16.obj
 0001:00020330       _fftwf_codelet_m1fv_32     10021330 f   FFTW3f:m1fv_32.obj
 0001:0002227c       _fftwf_codelet_m1fv_64     1002327c f   FFTW3f:m1fv_64.obj
 0001:000227bc       _fftwf_codelet_m1bv_16     100237bc f   FFTW3f:m1bv_16.obj
 0001:000234c8       _fftwf_codelet_m1bv_32     100244c8 f   FFTW3f:m1bv_32.obj
 0001:000253f8       _fftwf_codelet_m1bv_64     100263f8 f   FFTW3f:m1bv_64.obj
 0001:00025834       _fftwf_codelet_m2fv_16     10026834 f   FFTW3f:m2fv_16.obj
 0001:00026338       _fftwf_codelet_m2fv_32     10027338 f   FFTW3f:m2fv_32.obj
 0001:00027f4c       _fftwf_codelet_m2fv_64     10028f4c f   FFTW3f:m2fv_64.obj
 0001:00028384       _fftwf_codelet_m2bv_16     10029384 f   FFTW3f:m2bv_16.obj
 0001:00028e94       _fftwf_codelet_m2bv_32     10029e94 f   FFTW3f:m2bv_32.obj
 0001:0002aa98       _fftwf_codelet_m2bv_64     1002ba98 f   FFTW3f:m2bv_64.obj
 0001:0002ab34       _fftwf_codelet_t1fv_2      1002bb34 f   FFTW3f:t1fv_2.obj
 0001:0002ac38       _fftwf_codelet_t1fv_3      1002bc38 f   FFTW3f:t1fv_3.obj
 0001:0002ad58       _fftwf_codelet_t1fv_4      1002bd58 f   FFTW3f:t1fv_4.obj
 0001:0002af1c       _fftwf_codelet_t1fv_5      1002bf1c f   FFTW3f:t1fv_5.obj
 0001:0002b100       _fftwf_codelet_t1fv_6      1002c100 f   FFTW3f:t1fv_6.obj
 0001:0002b3ec       _fftwf_codelet_t1fv_7      1002c3ec f   FFTW3f:t1fv_7.obj
 0001:0002b668       _fftwf_codelet_t1fv_8      1002c668 f   FFTW3f:t1fv_8.obj
 0001:0002ba8c       _fftwf_codelet_t1fv_9      1002ca8c f   FFTW3f:t1fv_9.obj
 0001:0002be98       _fftwf_codelet_t1fv_10     1002ce98 f   FFTW3f:t1fv_10.obj
 0001:0002c2e0       _fftwf_codelet_t1fv_12     1002d2e0 f   FFTW3f:t1fv_12.obj
 0001:0002c9f4       _fftwf_codelet_t1fv_15     1002d9f4 f   FFTW3f:t1fv_15.obj
 0001:0002d004       _fftwf_codelet_t1fv_16     1002e004 f   FFTW3f:t1fv_16.obj
 0001:0002deac       _fftwf_codelet_t1fv_32     1002eeac f   FFTW3f:t1fv_32.obj
 0001:00030314       _fftwf_codelet_t1fv_64     10031314 f   FFTW3f:t1fv_64.obj
 0001:000303e0       _fftwf_codelet_t1bv_2      100313e0 f   FFTW3f:t1bv_2.obj
 0001:000304e4       _fftwf_codelet_t1bv_3      100314e4 f   FFTW3f:t1bv_3.obj
 0001:00030608       _fftwf_codelet_t1bv_4      10031608 f   FFTW3f:t1bv_4.obj
 0001:000307cc       _fftwf_codelet_t1bv_5      100317cc f   FFTW3f:t1bv_5.obj
 0001:000309b0       _fftwf_codelet_t1bv_6      100319b0 f   FFTW3f:t1bv_6.obj
 0001:00030c9c       _fftwf_codelet_t1bv_7      10031c9c f   FFTW3f:t1bv_7.obj
 0001:00030f18       _fftwf_codelet_t1bv_8      10031f18 f   FFTW3f:t1bv_8.obj
 0001:00031348       _fftwf_codelet_t1bv_9      10032348 f   FFTW3f:t1bv_9.obj
 0001:00031754       _fftwf_codelet_t1bv_10     10032754 f   FFTW3f:t1bv_10.obj
 0001:00031bac       _fftwf_codelet_t1bv_12     10032bac f   FFTW3f:t1bv_12.obj
 0001:000322bc       _fftwf_codelet_t1bv_15     100332bc f   FFTW3f:t1bv_15.obj
 0001:000328c8       _fftwf_codelet_t1bv_16     100338c8 f   FFTW3f:t1bv_16.obj
 0001:00033754       _fftwf_codelet_t1bv_32     10034754 f   FFTW3f:t1bv_32.obj
 0001:00035bb4       _fftwf_codelet_t1bv_64     10036bb4 f   FFTW3f:t1bv_64.obj
 0001:00035d24       _fftwf_codelet_q1fv_2      10036d24 f   FFTW3f:q1fv_2.obj
 0001:000362f0       _fftwf_codelet_q1fv_4      100372f0 f   FFTW3f:q1fv_4.obj
 0001:00037d6c       _fftwf_codelet_q1fv_8      10038d6c f   FFTW3f:q1fv_8.obj
 0001:00037eac       _fftwf_codelet_q1bv_2      10038eac f   FFTW3f:q1bv_2.obj
 0001:00038478       _fftwf_codelet_q1bv_4      10039478 f   FFTW3f:q1bv_4.obj
 0001:00039f10       _fftwf_codelet_q1bv_8      1003af10 f   FFTW3f:q1bv_8.obj
 0001:0003a070       _fftwf_codelet_q1_2        1003b070 f   FFTW3f:q1_2.obj
 0001:0003a6bc       _fftwf_codelet_q1_4        1003b6bc f   FFTW3f:q1_4.obj
 0001:0003c728       _fftwf_codelet_q1_8        1003d728 f   FFTW3f:q1_8.obj
 0001:0003caec       _fftwf_codelet_q1_3        1003daec f   FFTW3f:q1_3.obj
 0001:0003d800       _fftwf_codelet_q1_5        1003e800 f   FFTW3f:q1_5.obj
 0001:0003e978       _fftwf_codelet_q1_6        1003f978 f   FFTW3f:q1_6.obj
 0001:0003ea24       _fftwf_codelet_n1_2        1003fa24 f   FFTW3f:n1_2.obj
 0001:0003eb28       _fftwf_codelet_n1_3        1003fb28 f   FFTW3f:n1_3.obj
 0001:0003ec4c       _fftwf_codelet_n1_4        1003fc4c f   FFTW3f:n1_4.obj
 0001:0003ee68       _fftwf_codelet_n1_5        1003fe68 f   FFTW3f:n1_5.obj
 0001:0003f0ac       _fftwf_codelet_n1_6        100400ac f   FFTW3f:n1_6.obj
 0001:0003f440       _fftwf_codelet_n1_7        10040440 f   FFTW3f:n1_7.obj
 0001:0003f718       _fftwf_codelet_n1_8        10040718 f   FFTW3f:n1_8.obj
 0001:0003fbd4       _fftwf_codelet_n1_9        10040bd4 f   FFTW3f:n1_9.obj
 0001:00040088       _fftwf_codelet_n1_10       10041088 f   FFTW3f:n1_10.obj
 0001:00040820       _fftwf_codelet_n1_11       10041820 f   FFTW3f:n1_11.obj
 0001:00040cd8       _fftwf_codelet_n1_12       10041cd8 f   FFTW3f:n1_12.obj
 0001:000415d4       _fftwf_codelet_n1_13       100425d4 f   FFTW3f:n1_13.obj
 0001:00041d60       _fftwf_codelet_n1_14       10042d60 f   FFTW3f:n1_14.obj
 0001:0004262c       _fftwf_codelet_n1_15       1004362c f   FFTW3f:n1_15.obj
 0001:00042d80       _fftwf_codelet_n1_16       10043d80 f   FFTW3f:n1_16.obj
 0001:00043420       _fftwf_codelet_m1_16       10044420 f   FFTW3f:m1_16.obj
 0001:00044530       _fftwf_codelet_m1_32       10045530 f   FFTW3f:m1_32.obj
 0001:00047ad8       _fftwf_codelet_m1_64       10048ad8 f   FFTW3f:m1_64.obj
 0001:00047b88       _fftwf_codelet_t1_2        10048b88 f   FFTW3f:t1_2.obj
 0001:00047cc4       _fftwf_codelet_t1_3        10048cc4 f   FFTW3f:t1_3.obj
 0001:00047e64       _fftwf_codelet_t1_4        10048e64 f   FFTW3f:t1_4.obj
 0001:00048120       _fftwf_codelet_t1_5        10049120 f   FFTW3f:t1_5.obj
 0001:000483ec       _fftwf_codelet_t1_6        100493ec f   FFTW3f:t1_6.obj
 0001:00048834       _fftwf_codelet_t1_7        10049834 f   FFTW3f:t1_7.obj
 0001:00048bd0       _fftwf_codelet_t1_8        10049bd0 f   FFTW3f:t1_8.obj
 0001:00049174       _fftwf_codelet_t1_9        1004a174 f   FFTW3f:t1_9.obj
 0001:0004978c       _fftwf_codelet_t1_10       1004a78c f   FFTW3f:t1_10.obj
 0001:00049db8       _fftwf_codelet_t1_12       1004adb8 f   FFTW3f:t1_12.obj
 0001:0004a810       _fftwf_codelet_t1_15       1004b810 f   FFTW3f:t1_15.obj
 0001:0004b1cc       _fftwf_codelet_t1_16       1004c1cc f   FFTW3f:t1_16.obj
 0001:0004cc30       _fftwf_codelet_t1_32       1004dc30 f   FFTW3f:t1_32.obj
 0001:00050d0c       _fftwf_codelet_t1_64       10051d0c f   FFTW3f:t1_64.obj
 0001:00050ed4       _fftwf_codelet_t2_4        10051ed4 f   FFTW3f:t2_4.obj
 0001:00051380       _fftwf_codelet_t2_8        10052380 f   FFTW3f:t2_8.obj
 0001:00051f00       _fftwf_codelet_t2_16       10052f00 f   FFTW3f:t2_16.obj
 0001:00053eb0       _fftwf_codelet_t2_32       10054eb0 f   FFTW3f:t2_32.obj
 0001:000588ac       _fftwf_codelet_t2_64       100598ac f   FFTW3f:t2_64.obj
 0001:000588c4       _fftw_rdft_solve           100598c4 f   FFTW3f:solve.obj
 0001:000588c4       _fftwf_rdft_solve          100598c4 f   FFTW3f:solve.obj
 0001:000588e4       _fftwf_rdft2_inplace_strides 100598e4 f   FFTW3f:rdft2-inplace-strides.obj
 0001:00058a74       _fftwf_rdft2_tensor_max_index 10059a74 f   FFTW3f:rdft2-tensor-max-index.obj
 0001:00058a74       _fftw_rdft2_tensor_max_index 10059a74 f   FFTW3f:rdft2-tensor-max-index.obj
 0001:00058a74       _fftwl_rdft2_tensor_max_index 10059a74 f   FFTW3f:rdft2-tensor-max-index.obj
 0001:00058b48       _fftw_rdft2_strides        10059b48 f   FFTW3f:rdft2-strides.obj
 0001:00058b48       _fftwf_rdft2_strides       10059b48 f   FFTW3f:rdft2-strides.obj
 0001:00058b48       _fftwl_rdft2_strides       10059b48 f   FFTW3f:rdft2-strides.obj
 0001:00058d54       _fftwf_codelet_e01_8       10059d54 f   FFTW3f:e01_8.obj
 0001:00058f58       _fftwf_codelet_e10_8       10059f58 f   FFTW3f:e10_8.obj
 0001:00059004       _fftwf_codelet_hc2r_3      1005a004 f   FFTW3f:hc2r_3.obj
 0001:000590d0       _fftwf_codelet_hc2r_4      1005a0d0 f   FFTW3f:hc2r_4.obj
 0001:000591fc       _fftwf_codelet_hc2r_5      1005a1fc f   FFTW3f:hc2r_5.obj
 0001:00059318       _fftwf_codelet_hc2r_6      1005a318 f   FFTW3f:hc2r_6.obj
 0001:0005951c       _fftwf_codelet_hc2r_7      1005a51c f   FFTW3f:hc2r_7.obj
 0001:00059698       _fftwf_codelet_hc2r_8      1005a698 f   FFTW3f:hc2r_8.obj
 0001:000598c4       _fftwf_codelet_hc2r_9      1005a8c4 f   FFTW3f:hc2r_9.obj
 0001:00059afc       _fftwf_codelet_hc2r_10     1005aafc f   FFTW3f:hc2r_10.obj
 0001:00059f4c       _fftwf_codelet_hc2r_11     1005af4c f   FFTW3f:hc2r_11.obj
 0001:0005a19c       _fftwf_codelet_hc2r_12     1005b19c f   FFTW3f:hc2r_12.obj
 0001:0005a5f4       _fftwf_codelet_hc2r_13     1005b5f4 f   FFTW3f:hc2r_13.obj
 0001:0005a9bc       _fftwf_codelet_hc2r_14     1005b9bc f   FFTW3f:hc2r_14.obj
 0001:0005adcc       _fftwf_codelet_hc2r_15     1005bdcc f   FFTW3f:hc2r_15.obj
 0001:0005b128       _fftwf_codelet_hc2r_16     1005c128 f   FFTW3f:hc2r_16.obj
 0001:0005b924       _fftwf_codelet_hc2r_32     1005c924 f   FFTW3f:hc2r_32.obj
 0001:0005c114       _fftwf_codelet_mhc2r_32    1005d114 f   FFTW3f:mhc2r_32.obj
 0001:0005d7d4       _fftwf_codelet_mhc2r_64    1005e7d4 f   FFTW3f:mhc2r_64.obj
 0001:00061028       _fftwf_codelet_mhc2r_128   10062028 f   FFTW3f:mhc2r_128.obj
 0001:000610f8       _fftwf_codelet_hb_2        100620f8 f   FFTW3f:hb_2.obj
 0001:00061270       _fftwf_codelet_hb_3        10062270 f   FFTW3f:hb_3.obj
 0001:00061444       _fftwf_codelet_hb_4        10062444 f   FFTW3f:hb_4.obj
 0001:0006171c       _fftwf_codelet_hb_5        1006271c f   FFTW3f:hb_5.obj
 0001:00061a34       _fftwf_codelet_hb_6        10062a34 f   FFTW3f:hb_6.obj
 0001:00061f78       _fftwf_codelet_hb_7        10062f78 f   FFTW3f:hb_7.obj
 0001:000623a8       _fftwf_codelet_hb_8        100633a8 f   FFTW3f:hb_8.obj
 0001:00062a44       _fftwf_codelet_hb_9        10063a44 f   FFTW3f:hb_9.obj
 0001:000630e8       _fftwf_codelet_hb_10       100640e8 f   FFTW3f:hb_10.obj
 0001:00063790       _fftwf_codelet_hb_12       10064790 f   FFTW3f:hb_12.obj
 0001:000643f0       _fftwf_codelet_hb_15       100653f0 f   FFTW3f:hb_15.obj
 0001:00064d60       _fftwf_codelet_hb_16       10065d60 f   FFTW3f:hb_16.obj
 0001:00066a38       _fftwf_codelet_hb_32       10067a38 f   FFTW3f:hb_32.obj
 0001:0006aff4       _fftwf_codelet_hb_64       1006bff4 f   FFTW3f:hb_64.obj
 0001:0006b118       _fftwf_codelet_hc2rIII_2   1006c118 f   FFTW3f:hc2rIII_2.obj
 0001:0006b1bc       _fftwf_codelet_hc2rIII_3   1006c1bc f   FFTW3f:hc2rIII_3.obj
 0001:0006b28c       _fftwf_codelet_hc2rIII_4   1006c28c f   FFTW3f:hc2rIII_4.obj
 0001:0006b3b0       _fftwf_codelet_hc2rIII_5   1006c3b0 f   FFTW3f:hc2rIII_5.obj
 0001:0006b4d4       _fftwf_codelet_hc2rIII_6   1006c4d4 f   FFTW3f:hc2rIII_6.obj
 0001:0006b6e0       _fftwf_codelet_hc2rIII_7   1006c6e0 f   FFTW3f:hc2rIII_7.obj
 0001:0006b89c       _fftwf_codelet_hc2rIII_8   1006c89c f   FFTW3f:hc2rIII_8.obj
 0001:0006bad0       _fftwf_codelet_hc2rIII_9   1006cad0 f   FFTW3f:hc2rIII_9.obj
 0001:0006bd0c       _fftwf_codelet_hc2rIII_10  1006cd0c f   FFTW3f:hc2rIII_10.obj
 0001:0006bfbc       _fftwf_codelet_hc2rIII_12  1006cfbc f   FFTW3f:hc2rIII_12.obj
 0001:0006c37c       _fftwf_codelet_hc2rIII_15  1006d37c f   FFTW3f:hc2rIII_15.obj
 0001:0006c77c       _fftwf_codelet_hc2rIII_16  1006d77c f   FFTW3f:hc2rIII_16.obj
 0001:0006d0e8       _fftwf_codelet_hc2rIII_32  1006e0e8 f   FFTW3f:hc2rIII_32.obj
 0001:0006da44       _fftwf_codelet_mhc2rIII_32 1006ea44 f   FFTW3f:mhc2rIII_32.obj
 0001:0006f4dc       _fftwf_codelet_mhc2rIII_64 100704dc f   FFTW3f:mhc2rIII_64.obj
 0001:0006f560       _fftwf_codelet_r2hc_2      10070560 f   FFTW3f:r2hc_2.obj
 0001:0006f610       _fftwf_codelet_r2hc_3      10070610 f   FFTW3f:r2hc_3.obj
 0001:0006f6cc       _fftwf_codelet_r2hc_4      100706cc f   FFTW3f:r2hc_4.obj
 0001:0006f7e0       _fftwf_codelet_r2hc_5      100707e0 f   FFTW3f:r2hc_5.obj
 0001:0006f8f4       _fftwf_codelet_r2hc_6      100708f4 f   FFTW3f:r2hc_6.obj
 0001:0006fab0       _fftwf_codelet_r2hc_7      10070ab0 f   FFTW3f:r2hc_7.obj
 0001:0006fc00       _fftwf_codelet_r2hc_8      10070c00 f   FFTW3f:r2hc_8.obj
 0001:0006feb0       _fftwf_codelet_r2hc_9      10070eb0 f   FFTW3f:r2hc_9.obj
 0001:000700e8       _fftwf_codelet_r2hc_10     100710e8 f   FFTW3f:r2hc_10.obj
 0001:000704ac       _fftwf_codelet_r2hc_11     100714ac f   FFTW3f:r2hc_11.obj
 0001:000706f4       _fftwf_codelet_r2hc_12     100716f4 f   FFTW3f:r2hc_12.obj
 0001:00070b4c       _fftwf_codelet_r2hc_13     10071b4c f   FFTW3f:r2hc_13.obj
 0001:00070f20       _fftwf_codelet_r2hc_14     10071f20 f   FFTW3f:r2hc_14.obj
 0001:00071304       _fftwf_codelet_r2hc_15     10072304 f   FFTW3f:r2hc_15.obj
 0001:00071664       _fftwf_codelet_r2hc_16     10072664 f   FFTW3f:r2hc_16.obj
 0001:00071e6c       _fftwf_codelet_r2hc_32     10072e6c f   FFTW3f:r2hc_32.obj
 0001:000725d4       _fftwf_codelet_mr2hc_32    100735d4 f   FFTW3f:mr2hc_32.obj
 0001:00073994       _fftwf_codelet_mr2hc_64    10074994 f   FFTW3f:mr2hc_64.obj
 0001:00077424       _fftwf_codelet_mr2hc_128   10078424 f   FFTW3f:mr2hc_128.obj
 0001:000774f4       _fftwf_codelet_hf_2        100784f4 f   FFTW3f:hf_2.obj
 0001:00077654       _fftwf_codelet_hf_3        10078654 f   FFTW3f:hf_3.obj
 0001:00077804       _fftwf_codelet_hf_4        10078804 f   FFTW3f:hf_4.obj
 0001:00077af8       _fftwf_codelet_hf_5        10078af8 f   FFTW3f:hf_5.obj
 0001:00077e10       _fftwf_codelet_hf_6        10078e10 f   FFTW3f:hf_6.obj
 0001:000782bc       _fftwf_codelet_hf_7        100792bc f   FFTW3f:hf_7.obj
 0001:000786c4       _fftwf_codelet_hf_8        100796c4 f   FFTW3f:hf_8.obj
 0001:00078d00       _fftwf_codelet_hf_9        10079d00 f   FFTW3f:hf_9.obj
 0001:000793f0       _fftwf_codelet_hf_10       1007a3f0 f   FFTW3f:hf_10.obj
 0001:00079b0c       _fftwf_codelet_hf_12       1007ab0c f   FFTW3f:hf_12.obj
 0001:0007a67c       _fftwf_codelet_hf_15       1007b67c f   FFTW3f:hf_15.obj
 0001:0007b178       _fftwf_codelet_hf_16       1007c178 f   FFTW3f:hf_16.obj
 0001:0007ce60       _fftwf_codelet_hf_32       1007de60 f   FFTW3f:hf_32.obj
 0001:00080d84       _fftwf_codelet_hf_64       10081d84 f   FFTW3f:hf_64.obj
 0001:00080f64       _fftwf_codelet_hf2_4       10081f64 f   FFTW3f:hf2_4.obj
 0001:00081478       _fftwf_codelet_hf2_8       10082478 f   FFTW3f:hf2_8.obj
 0001:00082340       _fftwf_codelet_hf2_16      10083340 f   FFTW3f:hf2_16.obj
 0001:000844d0       _fftwf_codelet_hf2_32      100854d0 f   FFTW3f:hf2_32.obj
 0001:00089e50       _fftwf_codelet_hf2_64      1008ae50 f   FFTW3f:hf2_64.obj
 0001:00089f44       _fftwf_codelet_r2hcII_2    1008af44 f   FFTW3f:r2hcII_2.obj
 0001:00089fe8       _fftwf_codelet_r2hcII_3    1008afe8 f   FFTW3f:r2hcII_3.obj
 0001:0008a0ac       _fftwf_codelet_r2hcII_4    1008b0ac f   FFTW3f:r2hcII_4.obj
 0001:0008a1b8       _fftwf_codelet_r2hcII_5    1008b1b8 f   FFTW3f:r2hcII_5.obj
 0001:0008a2d8       _fftwf_codelet_r2hcII_6    1008b2d8 f   FFTW3f:r2hcII_6.obj
 0001:0008a490       _fftwf_codelet_r2hcII_7    1008b490 f   FFTW3f:r2hcII_7.obj
 0001:0008a638       _fftwf_codelet_r2hcII_8    1008b638 f   FFTW3f:r2hcII_8.obj
 0001:0008a914       _fftwf_codelet_r2hcII_9    1008b914 f   FFTW3f:r2hcII_9.obj
 0001:0008ab3c       _fftwf_codelet_r2hcII_10   1008bb3c f   FFTW3f:r2hcII_10.obj
 0001:0008adc8       _fftwf_codelet_r2hcII_12   1008bdc8 f   FFTW3f:r2hcII_12.obj
 0001:0008b1ec       _fftwf_codelet_r2hcII_15   1008c1ec f   FFTW3f:r2hcII_15.obj
 0001:0008b5d0       _fftwf_codelet_r2hcII_16   1008c5d0 f   FFTW3f:r2hcII_16.obj
 0001:0008c02c       _fftwf_codelet_r2hcII_32   1008d02c f   FFTW3f:r2hcII_32.obj
 0001:0008ca7c       _fftwf_codelet_mr2hcII_32  1008da7c f   FFTW3f:mr2hcII_32.obj
 0001:0008e59c       _fftwf_codelet_mr2hcII_64  1008f59c f   FFTW3f:mr2hcII_64.obj
 0001:0008e5b4       _fftwf_sincos              1008f5b4 f   FFTW3f:trig1.obj
 0001:0008e758       _fftwf_kdft_register       1008f758 f   FFTW3f:kdft.obj
 0001:0008eac0       _fftwf_kdft_dit_register   1008fac0 f   FFTW3f:kdft-dit.obj
 0001:0008ec44       _fftwf_kdft_difsq_register 1008fc44 f   FFTW3f:kdft-difsq.obj
 0001:0008ed0c       _fftwf_kr2r_register       1008fd0c f   FFTW3f:kr2r.obj
 0001:0008ed28       _fftwf_khc2r_register      1008fd28 f   FFTW3f:khc2r.obj
 0001:0008ed90       _fftwf_khc2hc_dif_register 1008fd90 f   FFTW3f:khc2hc-dif.obj
 0001:0008edd4       _fftwf_kr2hc_register      1008fdd4 f   FFTW3f:kr2hc.obj
 0001:0008ee08       _fftwf_khc2hc_dit_register 1008fe08 f   FFTW3f:khc2hc-dit.obj
 0001:0008eec0       _fftwf_have_sse            1008fec0 f   FFTW3f:sse.obj
 0001:0008f120       _fftwf_mksolver_dft_direct 10090120 f   FFTW3f:direct.obj
 0001:0008f39c       _fftwf_mksolver_dft_ct_dit 1009039c f   FFTW3f:ct-dit.obj
 0001:0008f874       _fftwf_mksolver_dft_ct_ditbuf 10090874 f   FFTW3f:ct-ditbuf.obj
 0001:0008fa08       _fftwf_mksolver_dft_ct_ditf 10090a08 f   FFTW3f:ct-ditf.obj
 0001:0008fec4       _fftwf_mksolver_rdft_r2hc_direct 10090ec4 f   FFTW3f:direct.obj
 0001:0008fef8       _fftwf_mksolver_rdft_hc2r_direct 10090ef8 f   FFTW3f:direct.obj
 0001:0008ff2c       _fftwf_mksolver_rdft_r2r_direct 10090f2c f   FFTW3f:direct.obj
 0001:000902f8       _fftwf_mksolver_rdft2_r2hc_direct 100912f8 f   FFTW3f:direct2.obj
 0001:0009032c       _fftwf_mksolver_rdft2_hc2r_direct 1009132c f   FFTW3f:direct2.obj
 0001:0009069c       _fftwf_mksolver_rdft_hc2hc_dif 1009169c f   FFTW3f:hc2hc-dif.obj
 0001:00090ee0       _fftwf_mksolver_rdft_hc2hc_ditbuf 10091ee0 f   FFTW3f:hc2hc-buf.obj
 0001:00090f18       _fftwf_mksolver_rdft_hc2hc_difbuf 10091f18 f   FFTW3f:hc2hc-buf.obj
 0001:00091268       _fftwf_mksolver_rdft_hc2hc_dit 10092268 f   FFTW3f:hc2hc-dit.obj
 0001:00091284       _fftwf_mkstride            10092284 f   FFTW3f:stride.obj
 0001:000913a4       _fftwf_stride_destroy      100923a4 f   FFTW3f:stride.obj
 0001:0009144c       _fftwf_dft_ct_applicable   1009244c f   FFTW3f:ct.obj
 0001:00091494       _fftwf_mkplan_dft_ct       10092494 f   FFTW3f:ct.obj
 0001:00091564       _fftwf_mksolver_rdft_hc2hc 10092564 f   FFTW3f:ct.obj
 0001:00091564       _fftwf_mksolver_dft_ct     10092564 f   FFTW3f:ct.obj
 0001:00091588       _fftwf_dft_mkcld_dit       10092588 f   FFTW3f:ct.obj
 0001:00091604       _fftw_ct_uglyp             10092604 f   FFTW3f:ct.obj
 0001:00091604       _fftwl_ct_uglyp            10092604 f   FFTW3f:ct.obj
 0001:00091604       _fftwf_ct_uglyp            10092604 f   FFTW3f:ct.obj
 0001:0009172c       _fftwf_rdft_hc2hc_applicable 1009272c f   FFTW3f:hc2hc.obj
 0001:00091784       _fftwf_mkplan_rdft_hc2hc   10092784 f   FFTW3f:hc2hc.obj
 0001:0009192c       _fftwf_rdft_mkcldrn_dit    1009292c f   FFTW3f:hc2hc.obj
 0001:00091a24       _fftwf_rdft_mkcldrn_dif    10092a24 f   FFTW3f:hc2hc.obj
 0001:00091b1c       _fftw_the_planner          10092b1c f   FFTW3d:the-planner.obj
 0001:00091b40       _fftw_cleanup              10092b40 f   FFTW3d:the-planner.obj
 0001:00091b5c       _fftw_mkapiplan            10092b5c f   FFTW3d:apiplan.obj
 0001:00091c1c       _fftw_destroy_plan         10092c1c f   FFTW3d:apiplan.obj
 0001:00091c48       _fftwl_execute_dft         10092c48 f   FFTW3d:execute-dft.obj
 0001:00091c48       _fftw_execute_dft          10092c48 f   FFTW3d:execute-dft.obj
 0001:00091ca4       _fftwl_execute_split_dft_c2r 10092ca4 f   FFTW3d:execute-split-dft-c2r.obj
 0001:00091ca4       _fftwf_execute_split_dft_c2r 10092ca4 f   FFTW3d:execute-split-dft-c2r.obj
 0001:00091ca4       _fftw_execute_split_dft_c2r 10092ca4 f   FFTW3d:execute-split-dft-c2r.obj
 0001:00091cd0       _fftw_execute_split_dft_r2c 10092cd0 f   FFTW3d:execute-split-dft-r2c.obj
 0001:00091cd0       _fftwf_execute_split_dft_r2c 10092cd0 f   FFTW3d:execute-split-dft-r2c.obj
 0001:00091cd0       _fftwl_execute_split_dft_r2c 10092cd0 f   FFTW3d:execute-split-dft-r2c.obj
 0001:00091cfc       _fftw_export_wisdom        10092cfc f   FFTW3d:export-wisdom.obj
 0001:00091d38       _fftw_export_wisdom_to_file 10092d38 f   FFTW3d:export-wisdom-to-file.obj
 0001:00091d9c       _fftw_export_wisdom_to_string 10092d9c f   FFTW3d:export-wisdom-to-string.obj
 0001:00091df4       _fftw_forget_wisdom        10092df4 f   FFTW3d:forget-wisdom.obj
 0001:00091e08       _fftw_fprint_plan          10092e08 f   FFTW3d:print-plan.obj
 0001:00091e2c       _fftw_print_plan           10092e2c f   FFTW3d:print-plan.obj
 0001:00091e64       _fftw_malloc               10092e64 f   FFTW3d:alloc.obj
 0001:00091e70       _fftw_free                 10092e70 f   FFTW3d:alloc.obj
 0001:00091e7c       _fftw_malloc_plain         10092e7c f   FFTW3d:alloc.obj
 0001:00091eb4       _fftw_ifree                10092eb4 f   FFTW3d:alloc.obj
 0001:00091ec0       _fftw_ifree0               10092ec0 f   FFTW3d:alloc.obj
 0001:00091ed0       _fftw_import_wisdom        10092ed0 f   FFTW3d:import-wisdom.obj
 0001:00091f94       _fftw_import_wisdom_from_file 10092f94 f   FFTW3d:import-wisdom-from-file.obj
 0001:00091fd8       _fftw_import_wisdom_from_string 10092fd8 f   FFTW3d:import-wisdom-from-string.obj
 0001:00092044       _fftw_mkprinter_file       10093044 f   FFTW3d:mkprinter-file.obj
 0001:0009206c       _fftw_mkplan               1009306c f   FFTW3d:plan.obj
 0001:000920a0       _fftw_plan_destroy_internal 100930a0 f   FFTW3d:plan.obj
 0001:000920cc       _fftwf_null_awake          100930cc f   FFTW3d:plan.obj
 0001:000920cc       _fftwl_null_awake          100930cc f   FFTW3d:plan.obj
 0001:000920cc       _fftw_null_awake           100930cc f   FFTW3d:plan.obj
 0001:000920cc       _fftwf_plan_null_destroy   100930cc f   FFTW3d:plan.obj
 0001:000920cc       _fftw_plan_null_destroy    100930cc f   FFTW3d:plan.obj
 0001:000920cc       _fftwl_plan_null_destroy   100930cc f   FFTW3d:plan.obj
 0001:000920d0       _fftw_plan_dft             100930d0 f   FFTW3d:plan-dft.obj
 0001:00092100       _fftw_plan_dft_1d          10093100 f   FFTW3d:plan-dft-1d.obj
 0001:00092120       _fftw_plan_dft_2d          10093120 f   FFTW3d:plan-dft-2d.obj
 0001:00092154       _fftw_plan_dft_3d          10093154 f   FFTW3d:plan-dft-3d.obj
 0001:00092190       _fftw_plan_dft_c2r         10093190 f   FFTW3d:plan-dft-c2r.obj
 0001:000921bc       _fftw_plan_dft_c2r_1d      100931bc f   FFTW3d:plan-dft-c2r-1d.obj
 0001:000921d8       _fftw_plan_dft_c2r_2d      100931d8 f   FFTW3d:plan-dft-c2r-2d.obj
 0001:00092208       _fftw_plan_dft_c2r_3d      10093208 f   FFTW3d:plan-dft-c2r-3d.obj
 0001:00092240       _fftw_plan_dft_r2c         10093240 f   FFTW3d:plan-dft-r2c.obj
 0001:0009226c       _fftw_plan_dft_r2c_1d      1009326c f   FFTW3d:plan-dft-r2c-1d.obj
 0001:00092288       _fftw_plan_dft_r2c_2d      10093288 f   FFTW3d:plan-dft-r2c-2d.obj
 0001:000922b8       _fftw_plan_dft_r2c_3d      100932b8 f   FFTW3d:plan-dft-r2c-3d.obj
 0001:000922f0       _fftw_plan_guru_dft        100932f0 f   FFTW3d:plan-guru-dft.obj
 0001:000923e8       _fftw_plan_guru_dft_c2r    100933e8 f   FFTW3d:plan-guru-dft-c2r.obj
 0001:000924c0       _fftw_plan_guru_dft_r2c    100934c0 f   FFTW3d:plan-guru-dft-r2c.obj
 0001:00092584       _fftw_plan_guru_r2r        10093584 f   FFTW3d:plan-guru-r2r.obj
 0001:0009263c       _fftw_plan_guru_split_dft  1009363c f   FFTW3d:plan-guru-split-dft.obj
 0001:00092728       _fftw_plan_guru_split_dft_c2r 10093728 f   FFTW3d:plan-guru-split-dft-c2r.obj
 0001:000927f4       _fftw_plan_guru_split_dft_r2c 100937f4 f   FFTW3d:plan-guru-split-dft-r2c.obj
 0001:000928a4       _fftw_plan_many_dft        100938a4 f   FFTW3d:plan-many-dft.obj
 0001:000929d4       _fftw_plan_many_dft_c2r    100939d4 f   FFTW3d:plan-many-dft-c2r.obj
 0001:00092b20       _fftw_plan_many_dft_r2c    10093b20 f   FFTW3d:plan-many-dft-r2c.obj
 0001:00092c5c       _fftw_plan_many_r2r        10093c5c f   FFTW3d:plan-many-r2r.obj
 0001:00092d44       _fftw_plan_r2r             10093d44 f   FFTW3d:plan-r2r.obj
 0001:00092d74       _fftw_plan_r2r_1d          10093d74 f   FFTW3d:plan-r2r-1d.obj
 0001:00092d98       _fftw_plan_r2r_2d          10093d98 f   FFTW3d:plan-r2r-2d.obj
 0001:00092ddc       _fftw_plan_r2r_3d          10093ddc f   FFTW3d:plan-r2r-3d.obj
 0001:0009317c       _fftw_mkprinter            1009417c f   FFTW3d:print.obj
 0001:000931b0       _fftw_printer_destroy      100941b0 f   FFTW3d:print.obj
 0001:000932f8       _fftw_problem_dft_p        100942f8 f   FFTW3d:problem.obj
 0001:0009330c       _fftw_mkproblem_dft        1009430c f   FFTW3d:problem.obj
 0001:000933a8       _fftw_mkproblem_dft_d      100943a8 f   FFTW3d:problem.obj
 0001:00093544       _fftw_problem_rdft2_p      10094544 f   FFTW3d:problem2.obj
 0001:00093558       _fftw_mkproblem_rdft2      10094558 f   FFTW3d:problem2.obj
 0001:00093688       _fftw_mkproblem_rdft2_d    10094688 f   FFTW3d:problem2.obj
 0001:000938fc       _fftw_rdft_zerotens        100948fc f   FFTW3d:problem.obj
 0001:00093914       _fftw_rdft_kind_str        10094914 f   FFTW3d:problem.obj
 0001:000939c0       _fftw_problem_rdft_p       100949c0 f   FFTW3d:problem.obj
 0001:000939d4       _fftw_mkproblem_rdft       100949d4 f   FFTW3d:problem.obj
 0001:00093cc0       _fftw_mkproblem_rdft_d     10094cc0 f   FFTW3d:problem.obj
 0001:00093cf0       _fftw_mkproblem_rdft_1     10094cf0 f   FFTW3d:problem.obj
 0001:00093d10       _fftw_mkproblem_rdft_1_d   10094d10 f   FFTW3d:problem.obj
 0001:000948f8       _fftw_mkplanner            100958f8 f   FFTW3d:planner.obj
 0001:00094964       _fftw_planner_destroy      10095964 f   FFTW3d:planner.obj
 0001:000949c4       _fftw_configure_planner    100959c4 f   FFTW3d:configure.obj
 0001:000949e0       _fftw_mapflags             100959e0 f   FFTW3d:mapflags.obj
 0001:00094ba4       _fftw_mkproblem            10095ba4 f   FFTW3d:problem.obj
 0001:00094bb8       _fftw_problem_destroy      10095bb8 f   FFTW3d:problem.obj
 0001:00094bb8       _fftwl_problem_destroy     10095bb8 f   FFTW3d:problem.obj
 0001:00094bb8       _fftwf_problem_destroy     10095bb8 f   FFTW3d:problem.obj
 0001:00094ee8       _fftw_mkscanner            10095ee8 f   FFTW3d:scan.obj
 0001:00094f10       _fftw_scanner_destroy      10095f10 f   FFTW3d:scan.obj
 0001:00094f10       _fftw_tensor_destroy       10095f10 f   FFTW3d:scan.obj
 0001:00094f1c       _fftw_ops_zero             10095f1c f   FFTW3d:ops.obj
 0001:00094f34       _fftw_ops_other            10095f34 f   FFTW3d:ops.obj
 0001:00094f58       _fftw_mktensor_iodims      10095f58 f   FFTW3d:mktensor-iodims.obj
 0001:00095050       _fftw_guru_kosherp         10096050 f   FFTW3d:mktensor-iodims.obj
 0001:00095088       _fftw_extract_reim         10096088 f   FFTW3d:extract-reim.obj
 0001:00095088       _fftwl_extract_reim        10096088 f   FFTW3d:extract-reim.obj
 0001:000950b8       _fftw_taint                100960b8 f   FFTW3d:taint.obj
 0001:000950dc       _fftw_map_r2r_kind         100960dc f   FFTW3d:map-r2r-kind.obj
 0001:00095168       _fftw_mktensor_rowmajor    10096168 f   FFTW3d:mktensor-rowmajor.obj
 0001:00095214       _fftw_many_kosherp         10096214 f   FFTW3d:mktensor-rowmajor.obj
 0001:0009523c       _fftw_mktensor_0d          1009623c f   FFTW3d:tensor1.obj
 0001:00095248       _fftw_mktensor_1d          10096248 f   FFTW3d:tensor1.obj
 0001:00095268       _fftw_rdft2_pad            10096268 f   FFTW3d:rdft2-pad.obj
 0001:000952f8       _fftw_mktensor             100962f8 f   FFTW3d:tensor.obj
 0001:0009532c       _fftw_tensor_md5           1009632c f   FFTW3d:tensor.obj
 0001:000953b0       _fftw_tensor_destroy2      100963b0 f   FFTW3d:tensor8.obj
 0001:000953c8       _fftw_tensor_destroy4      100963c8 f   FFTW3d:tensor8.obj
 0001:000953e8       _fftw_md5putb              100963e8 f   FFTW3d:md5-1.obj
 0001:00095434       _fftw_md5puts              10096434 f   FFTW3d:md5-1.obj
 0001:00095458       _fftw_md5int               10096458 f   FFTW3d:md5-1.obj
 0001:00095458       _fftw_md5ptrdiff           10096458 f   FFTW3d:md5-1.obj
 0001:00095458       _fftw_md5unsigned          10096458 f   FFTW3d:md5-1.obj
 0001:0009546c       _fftwf_alignment_of        1009646c f   FFTW3d:align.obj
 0001:0009546c       _fftw_alignment_of         1009646c f   FFTW3d:align.obj
 0001:00095474       _fftw_tensor_copy          10096474 f   FFTW3d:tensor5.obj
 0001:0009549c       _fftw_tensor_copy_inplace  1009649c f   FFTW3d:tensor5.obj
 0001:00095504       _fftw_tensor_copy_except   10096504 f   FFTW3d:tensor5.obj
 0001:00095554       _fftw_tensor_copy_sub      10096554 f   FFTW3d:tensor5.obj
 0001:0009558c       _fftw_tensor_append        1009658c f   FFTW3d:tensor5.obj
 0001:00095818       _fftw_dft_zerotens         10096818 f   FFTW3d:zero.obj
 0001:00095834       _fftwf_dimcmp              10096834 f   FFTW3d:tensor7.obj
 0001:00095834       _fftwl_dimcmp              10096834 f   FFTW3d:tensor7.obj
 0001:00095834       _fftw_dimcmp               10096834 f   FFTW3d:tensor7.obj
 0001:00095864       _fftw_tensor_compress      10096864 f   FFTW3d:tensor7.obj
 0001:0009594c       _fftw_tensor_compress_contiguous 1009694c f   FFTW3d:tensor7.obj
 0001:00095aec       _fftw_tensor_split         10096aec f   FFTW3d:tensor7.obj
 0001:00095b20       _fftw_mksolver             10096b20 f   FFTW3d:solver.obj
 0001:00095b38       _fftw_solver_destroy       10096b38 f   FFTW3d:solver.obj
 0001:00095b50       _fftwl_solver_register     10096b50 f   FFTW3d:solver.obj
 0001:00095b50       _fftw_solver_register      10096b50 f   FFTW3d:solver.obj
 0001:00095b50       _fftwf_solver_register     10096b50 f   FFTW3d:solver.obj
 0001:00095ea4       _fftwl_md5begin            10096ea4 f   FFTW3d:md5.obj
 0001:00095ea4       _fftw_md5begin             10096ea4 f   FFTW3d:md5.obj
 0001:00095ea4       _fftwf_md5begin            10096ea4 f   FFTW3d:md5.obj
 0001:00095ecc       _fftw_md5putc              10096ecc f   FFTW3d:md5.obj
 0001:00095efc       _fftw_md5end               10096efc f   FFTW3d:md5.obj
 0001:00095f60       _fftw_power_mod            10096f60 f   FFTW3d:primes.obj
 0001:00096074       _fftw_find_generator       10097074 f   FFTW3d:primes.obj
 0001:00096100       _fftwl_first_divisor       10097100 f   FFTW3d:primes.obj
 0001:00096100       _fftwf_first_divisor       10097100 f   FFTW3d:primes.obj
 0001:00096100       _fftw_first_divisor        10097100 f   FFTW3d:primes.obj
 0001:0009614c       _fftwl_is_prime            1009714c f   FFTW3d:primes.obj
 0001:0009614c       _fftwf_is_prime            1009714c f   FFTW3d:primes.obj
 0001:0009614c       _fftw_is_prime             1009714c f   FFTW3d:primes.obj
 0001:000961d8       _fftw_measure_execution_time 100971d8 f   FFTW3d:timer.obj
 0001:000962b4       _fftw_dft_conf_standard    100972b4 f   FFTW3d:conf.obj
 0001:000962ec       _fftw_rdft_conf_standard   100972ec f   FFTW3d:conf.obj
 0001:00096324       _fftw_reodft_conf_standard 10097324 f   FFTW3d:conf.obj
 0001:000965c0       _fftw_dft_indirect_register 100975c0 f   FFTW3d:indirect.obj
 0001:000968b0       _fftw_dft_rank0_register   100978b0 f   FFTW3d:rank0.obj
 0001:00096b4c       _fftw_dft_rank_geq2_register 10097b4c f   FFTW3d:rank-geq2.obj
 0001:00096df8       _fftw_dft_vrank_geq1_register 10097df8 f   FFTW3d:vrank-geq1.obj
 0001:000970b4       _fftw_dft_vrank2_transpose_register 100980b4 f   FFTW3d:vrank2-transpose.obj
 0001:000976dc       _fftw_dft_vrank3_transpose_register 100986dc f   FFTW3d:vrank3-transpose.obj
 0001:00097d74       _fftw_dft_buffered_register 10098d74 f   FFTW3d:buffered.obj
 0001:00098270       _fftw_dft_generic_register 10099270 f   FFTW3d:generic.obj
 0001:00099098       _fftw_dft_rader_register   1009a098 f   FFTW3d:rader.obj
 0001:00099178       _fftw_dft_nop_register     1009a178 f   FFTW3d:nop.obj
 0001:0009918c       _fftwl_solvtab_exec        1009a18c f   FFTW3d:solvtab.obj
 0001:0009918c       _fftwf_solvtab_exec        1009a18c f   FFTW3d:solvtab.obj
 0001:0009918c       _fftw_solvtab_exec         1009a18c f   FFTW3d:solvtab.obj
 0001:0009945c       _fftw_rdft_indirect_register 1009a45c f   FFTW3d:indirect.obj
 0001:00099680       _fftw_rdft_rank0_register  1009a680 f   FFTW3d:rank0.obj
 0001:00099920       _fftw_rdft_vrank_geq1_register 1009a920 f   FFTW3d:vrank-geq1.obj
 0001:00099a08       _fftw_rdft_nop_register    1009aa08 f   FFTW3d:nop.obj
 0001:00099f50       _fftw_rdft_buffered_register 1009af50 f   FFTW3d:buffered.obj
 0001:0009b1c8       _fftw_rdft_rader_hc2hc_register 1009c1c8 f   FFTW3d:rader-hc2hc.obj
 0001:0009bf30       _fftw_rdft_generic_register 1009cf30 f   FFTW3d:generic.obj
 0001:0009c1b4       _fftw_rdft_rank_geq2_register 1009d1b4 f   FFTW3d:rank-geq2.obj
 0001:0009c3e4       _fftw_dft_r2hc_register    1009d3e4 f   FFTW3d:dft-r2hc.obj
 0001:0009c82c       _fftw_rdft_dht_register    1009d82c f   FFTW3d:rdft-dht.obj
 0001:0009c9a0       _fftw_dht_r2hc_register    1009d9a0 f   FFTW3d:dht-r2hc.obj
 0001:0009d4f0       _fftw_dht_rader_register   1009e4f0 f   FFTW3d:dht-rader.obj
 0001:0009d7e8       _fftw_rdft2_vrank_geq1_register 1009e7e8 f   FFTW3d:vrank-geq1-rdft2.obj
 0001:0009d8e4       _fftw_rdft2_nop_register   1009e8e4 f   FFTW3d:nop2.obj
 0001:0009dd7c       _fftw_rdft2_rank0_register 1009ed7c f   FFTW3d:rank0-rdft2.obj
 0001:0009ea18       _fftw_rdft2_buffered_register 1009fa18 f   FFTW3d:buffered2.obj
 0001:0009ed98       _fftw_rdft2_rank_geq2_register 1009fd98 f   FFTW3d:rank-geq2-rdft2.obj
 0001:0009f868       _fftw_rdft2_radix2_register 100a0868 f   FFTW3d:rdft2-radix2.obj
 0001:0009fcec       _fftw_redft00e_r2hc_pad_register 100a0cec f   FFTW3d:redft00e-r2hc-pad.obj
 0001:000a01c4       _fftw_rodft00e_r2hc_pad_register 100a11c4 f   FFTW3d:rodft00e-r2hc-pad.obj
 0001:000a0f50       _fftw_reodft010e_r2hc_register 100a1f50 f   FFTW3d:reodft010e-r2hc.obj
 0001:000a1b3c       _fftw_reodft11e_radix2_r2hc_register 100a2b3c f   FFTW3d:reodft11e-radix2.obj
 0001:000a30f0       _fftw_reodft11e_r2hc_odd_register 100a40f0 f   FFTW3d:reodft11e-r2hc-odd.obj
 0001:000a3104       _fftwf_tensor_max_index    100a4104 f   FFTW3d:tensor4.obj
 0001:000a3104       _fftw_tensor_max_index     100a4104 f   FFTW3d:tensor4.obj
 0001:000a3104       _fftwl_tensor_max_index    100a4104 f   FFTW3d:tensor4.obj
 0001:000a3180       _fftwf_tensor_min_ostride  100a4180 f   FFTW3d:tensor4.obj
 0001:000a3180       _fftw_tensor_min_ostride   100a4180 f   FFTW3d:tensor4.obj
 0001:000a3180       _fftwl_tensor_min_ostride  100a4180 f   FFTW3d:tensor4.obj
 0001:000a31f8       _fftwf_dft_solve           100a41f8 f   FFTW3d:solve.obj
 0001:000a31f8       _fftw_dft_solve            100a41f8 f   FFTW3d:solve.obj
 0001:000a3228       _fftw_pickdim              100a4228 f   FFTW3d:pickdim.obj
 0001:000a32ac       _fftw_iabs                 100a42ac f   FFTW3d:iabs.obj
 0001:000a32ac       _fftwl_iabs                100a42ac f   FFTW3d:iabs.obj
 0001:000a32ac       _fftwf_iabs                100a42ac f   FFTW3d:iabs.obj
 0001:000a33a0       _fftw_transposable         100a43a0 f   FFTW3d:transpose.obj
 0001:000a33ec       _fftw_transpose_dims       100a43ec f   FFTW3d:transpose.obj
 0001:000a3448       _fftw_transpose_simplep    100a4448 f   FFTW3d:transpose.obj
 0001:000a3494       _fftw_transpose_slowp      100a4494 f   FFTW3d:transpose.obj
 0001:000a37d8       _fftw_transpose            100a47d8 f   FFTW3d:transpose.obj
 0001:000a3988       _fftw_transpose_slow       100a4988 f   FFTW3d:transpose.obj
 0001:000a3cfc       _fftw_compute_nbuf         100a4cfc f   FFTW3d:buffered.obj
 0001:000a3cfc       _fftwl_compute_nbuf        100a4cfc f   FFTW3d:buffered.obj
 0001:000a3cfc       _fftwf_compute_nbuf        100a4cfc f   FFTW3d:buffered.obj
 0001:000a3d64       _fftw_mktensor_2d          100a4d64 f   FFTW3d:tensor2.obj
 0001:000a3e2c       _fftw_twiddle_length       100a4e2c f   FFTW3d:twiddle.obj
 0001:000a3fe4       _fftw_mktwiddle            100a4fe4 f   FFTW3d:twiddle.obj
 0001:000a406c       _fftw_twiddle_destroy      100a506c f   FFTW3d:twiddle.obj
 0001:000a40c4       _fftw_twiddle_awake        100a50c4 f   FFTW3d:twiddle.obj
 0001:000a40f4       _fftw_rader_tl_insert      100a50f4 f   FFTW3d:rader.obj
 0001:000a412c       _fftw_rader_tl_delete      100a512c f   FFTW3d:rader.obj
 0001:000a4188       _fftw_cos2pi               100a5188 f   FFTW3d:trig.obj
 0001:000a41b0       _fftw_sin2pi               100a51b0 f   FFTW3d:trig.obj
 0001:000a41d8       _fftw_tan2pi               100a51d8 f   FFTW3d:trig.obj
 0001:000a41e0       _fftw_dft_rader_mkomega    100a51e0 f   FFTW3d:rader-omega.obj
 0001:000a4310       _fftw_dft_rader_free_omega 100a5310 f   FFTW3d:rader-omega.obj
 0001:000a43a8       _fftw_codelet_n1fv_2       100a53a8 f   FFTW3d:n1fv_2.obj
 0001:000a448c       _fftw_codelet_n1fv_3       100a548c f   FFTW3d:n1fv_3.obj
 0001:000a457c       _fftw_codelet_n1fv_4       100a557c f   FFTW3d:n1fv_4.obj
 0001:000a46fc       _fftw_codelet_n1fv_5       100a56fc f   FFTW3d:n1fv_5.obj
 0001:000a4888       _fftw_codelet_n1fv_6       100a5888 f   FFTW3d:n1fv_6.obj
 0001:000a4b24       _fftw_codelet_n1fv_7       100a5b24 f   FFTW3d:n1fv_7.obj
 0001:000a4d20       _fftw_codelet_n1fv_8       100a5d20 f   FFTW3d:n1fv_8.obj
 0001:000a50c0       _fftw_codelet_n1fv_9       100a60c0 f   FFTW3d:n1fv_9.obj
 0001:000a5410       _fftw_codelet_n1fv_10      100a6410 f   FFTW3d:n1fv_10.obj
 0001:000a59f4       _fftw_codelet_n1fv_11      100a69f4 f   FFTW3d:n1fv_11.obj
 0001:000a5d60       _fftw_codelet_n1fv_12      100a6d60 f   FFTW3d:n1fv_12.obj
 0001:000a63dc       _fftw_codelet_n1fv_13      100a73dc f   FFTW3d:n1fv_13.obj
 0001:000a69ac       _fftw_codelet_n1fv_14      100a79ac f   FFTW3d:n1fv_14.obj
 0001:000a6ff8       _fftw_codelet_n1fv_15      100a7ff8 f   FFTW3d:n1fv_15.obj
 0001:000a74b0       _fftw_codelet_n1fv_16      100a84b0 f   FFTW3d:n1fv_16.obj
 0001:000a7544       _fftw_codelet_n1bv_2       100a8544 f   FFTW3d:n1bv_2.obj
 0001:000a7628       _fftw_codelet_n1bv_3       100a8628 f   FFTW3d:n1bv_3.obj
 0001:000a7718       _fftw_codelet_n1bv_4       100a8718 f   FFTW3d:n1bv_4.obj
 0001:000a7898       _fftw_codelet_n1bv_5       100a8898 f   FFTW3d:n1bv_5.obj
 0001:000a7a20       _fftw_codelet_n1bv_6       100a8a20 f   FFTW3d:n1bv_6.obj
 0001:000a7cbc       _fftw_codelet_n1bv_7       100a8cbc f   FFTW3d:n1bv_7.obj
 0001:000a7eb8       _fftw_codelet_n1bv_8       100a8eb8 f   FFTW3d:n1bv_8.obj
 0001:000a825c       _fftw_codelet_n1bv_9       100a925c f   FFTW3d:n1bv_9.obj
 0001:000a85ac       _fftw_codelet_n1bv_10      100a95ac f   FFTW3d:n1bv_10.obj
 0001:000a8b98       _fftw_codelet_n1bv_11      100a9b98 f   FFTW3d:n1bv_11.obj
 0001:000a8efc       _fftw_codelet_n1bv_12      100a9efc f   FFTW3d:n1bv_12.obj
 0001:000a9580       _fftw_codelet_n1bv_13      100aa580 f   FFTW3d:n1bv_13.obj
 0001:000a9b4c       _fftw_codelet_n1bv_14      100aab4c f   FFTW3d:n1bv_14.obj
 0001:000aa180       _fftw_codelet_n1bv_15      100ab180 f   FFTW3d:n1bv_15.obj
 0001:000aa634       _fftw_codelet_n1bv_16      100ab634 f   FFTW3d:n1bv_16.obj
 0001:000aa6bc       _fftw_codelet_n2fv_2       100ab6bc f   FFTW3d:n2fv_2.obj
 0001:000aa790       _fftw_codelet_n2fv_3       100ab790 f   FFTW3d:n2fv_3.obj
 0001:000aa868       _fftw_codelet_n2fv_4       100ab868 f   FFTW3d:n2fv_4.obj
 0001:000aa9d4       _fftw_codelet_n2fv_5       100ab9d4 f   FFTW3d:n2fv_5.obj
 0001:000aab48       _fftw_codelet_n2fv_6       100abb48 f   FFTW3d:n2fv_6.obj
 0001:000aadc8       _fftw_codelet_n2fv_7       100abdc8 f   FFTW3d:n2fv_7.obj
 0001:000aafa4       _fftw_codelet_n2fv_8       100abfa4 f   FFTW3d:n2fv_8.obj
 0001:000ab324       _fftw_codelet_n2fv_9       100ac324 f   FFTW3d:n2fv_9.obj
 0001:000ab654       _fftw_codelet_n2fv_10      100ac654 f   FFTW3d:n2fv_10.obj
 0001:000abc18       _fftw_codelet_n2fv_11      100acc18 f   FFTW3d:n2fv_11.obj
 0001:000abf68       _fftw_codelet_n2fv_12      100acf68 f   FFTW3d:n2fv_12.obj
 0001:000ac5c8       _fftw_codelet_n2fv_13      100ad5c8 f   FFTW3d:n2fv_13.obj
 0001:000acb78       _fftw_codelet_n2fv_14      100adb78 f   FFTW3d:n2fv_14.obj
 0001:000ad1a4       _fftw_codelet_n2fv_15      100ae1a4 f   FFTW3d:n2fv_15.obj
 0001:000ad63c       _fftw_codelet_n2fv_16      100ae63c f   FFTW3d:n2fv_16.obj
 0001:000ad6c4       _fftw_codelet_n2bv_2       100ae6c4 f   FFTW3d:n2bv_2.obj
 0001:000ad798       _fftw_codelet_n2bv_3       100ae798 f   FFTW3d:n2bv_3.obj
 0001:000ad870       _fftw_codelet_n2bv_4       100ae870 f   FFTW3d:n2bv_4.obj
 0001:000ad9dc       _fftw_codelet_n2bv_5       100ae9dc f   FFTW3d:n2bv_5.obj
 0001:000adb4c       _fftw_codelet_n2bv_6       100aeb4c f   FFTW3d:n2bv_6.obj
 0001:000addcc       _fftw_codelet_n2bv_7       100aedcc f   FFTW3d:n2bv_7.obj
 0001:000adfa8       _fftw_codelet_n2bv_8       100aefa8 f   FFTW3d:n2bv_8.obj
 0001:000ae32c       _fftw_codelet_n2bv_9       100af32c f   FFTW3d:n2bv_9.obj
 0001:000ae65c       _fftw_codelet_n2bv_10      100af65c f   FFTW3d:n2bv_10.obj
 0001:000aec2c       _fftw_codelet_n2bv_11      100afc2c f   FFTW3d:n2bv_11.obj
 0001:000aef74       _fftw_codelet_n2bv_12      100aff74 f   FFTW3d:n2bv_12.obj
 0001:000af5d8       _fftw_codelet_n2bv_13      100b05d8 f   FFTW3d:n2bv_13.obj
 0001:000afb88       _fftw_codelet_n2bv_14      100b0b88 f   FFTW3d:n2bv_14.obj
 0001:000b01a0       _fftw_codelet_n2bv_15      100b11a0 f   FFTW3d:n2bv_15.obj
 0001:000b0634       _fftw_codelet_n2bv_16      100b1634 f   FFTW3d:n2bv_16.obj
 0001:000b0b14       _fftw_codelet_m1fv_16      100b1b14 f   FFTW3d:m1fv_16.obj
 0001:000b1784       _fftw_codelet_m1fv_32      100b2784 f   FFTW3d:m1fv_32.obj
 0001:000b37b8       _fftw_codelet_m1fv_64      100b47b8 f   FFTW3d:m1fv_64.obj
 0001:000b3c94       _fftw_codelet_m1bv_16      100b4c94 f   FFTW3d:m1bv_16.obj
 0001:000b4910       _fftw_codelet_m1bv_32      100b5910 f   FFTW3d:m1bv_32.obj
 0001:000b6928       _fftw_codelet_m1bv_64      100b7928 f   FFTW3d:m1bv_64.obj
 0001:000b6dec       _fftw_codelet_m2fv_16      100b7dec f   FFTW3d:m2fv_16.obj
 0001:000b79cc       _fftw_codelet_m2fv_32      100b89cc f   FFTW3d:m2fv_32.obj
 0001:000b993c       _fftw_codelet_m2fv_64      100ba93c f   FFTW3d:m2fv_64.obj
 0001:000b9dfc       _fftw_codelet_m2bv_16      100badfc f   FFTW3d:m2bv_16.obj
 0001:000ba9dc       _fftw_codelet_m2bv_32      100bb9dc f   FFTW3d:m2bv_32.obj
 0001:000bc934       _fftw_codelet_m2bv_64      100bd934 f   FFTW3d:m2bv_64.obj
 0001:000bc9e0       _fftw_codelet_t1fv_2       100bd9e0 f   FFTW3d:t1fv_2.obj
 0001:000bcb08       _fftw_codelet_t1fv_3       100bdb08 f   FFTW3d:t1fv_3.obj
 0001:000bcc58       _fftw_codelet_t1fv_4       100bdc58 f   FFTW3d:t1fv_4.obj
 0001:000bce74       _fftw_codelet_t1fv_5       100bde74 f   FFTW3d:t1fv_5.obj
 0001:000bd0b8       _fftw_codelet_t1fv_6       100be0b8 f   FFTW3d:t1fv_6.obj
 0001:000bd43c       _fftw_codelet_t1fv_7       100be43c f   FFTW3d:t1fv_7.obj
 0001:000bd73c       _fftw_codelet_t1fv_8       100be73c f   FFTW3d:t1fv_8.obj
 0001:000bdc40       _fftw_codelet_t1fv_9       100bec40 f   FFTW3d:t1fv_9.obj
 0001:000be120       _fftw_codelet_t1fv_10      100bf120 f   FFTW3d:t1fv_10.obj
 0001:000be650       _fftw_codelet_t1fv_12      100bf650 f   FFTW3d:t1fv_12.obj
 0001:000beee0       _fftw_codelet_t1fv_15      100bfee0 f   FFTW3d:t1fv_15.obj
 0001:000bf63c       _fftw_codelet_t1fv_16      100c063c f   FFTW3d:t1fv_16.obj
 0001:000c0810       _fftw_codelet_t1fv_32      100c1810 f   FFTW3d:t1fv_32.obj
 0001:000c33a4       _fftw_codelet_t1fv_64      100c43a4 f   FFTW3d:t1fv_64.obj
 0001:000c348c       _fftw_codelet_t1bv_2       100c448c f   FFTW3d:t1bv_2.obj
 0001:000c35b4       _fftw_codelet_t1bv_3       100c45b4 f   FFTW3d:t1bv_3.obj
 0001:000c370c       _fftw_codelet_t1bv_4       100c470c f   FFTW3d:t1bv_4.obj
 0001:000c3928       _fftw_codelet_t1bv_5       100c4928 f   FFTW3d:t1bv_5.obj
 0001:000c3b6c       _fftw_codelet_t1bv_6       100c4b6c f   FFTW3d:t1bv_6.obj
 0001:000c3ef0       _fftw_codelet_t1bv_7       100c4ef0 f   FFTW3d:t1bv_7.obj
 0001:000c41f0       _fftw_codelet_t1bv_8       100c51f0 f   FFTW3d:t1bv_8.obj
 0001:000c4700       _fftw_codelet_t1bv_9       100c5700 f   FFTW3d:t1bv_9.obj
 0001:000c4be0       _fftw_codelet_t1bv_10      100c5be0 f   FFTW3d:t1bv_10.obj
 0001:000c5120       _fftw_codelet_t1bv_12      100c6120 f   FFTW3d:t1bv_12.obj
 0001:000c59a8       _fftw_codelet_t1bv_15      100c69a8 f   FFTW3d:t1bv_15.obj
 0001:000c6100       _fftw_codelet_t1bv_16      100c7100 f   FFTW3d:t1bv_16.obj
 0001:000c72bc       _fftw_codelet_t1bv_32      100c82bc f   FFTW3d:t1bv_32.obj
 0001:000c9e20       _fftw_codelet_t1bv_64      100cae20 f   FFTW3d:t1bv_64.obj
 0001:000c9f70       _fftw_codelet_q1fv_2       100caf70 f   FFTW3d:q1fv_2.obj
 0001:000ca50c       _fftw_codelet_q1fv_4       100cb50c f   FFTW3d:q1fv_4.obj
 0001:000cbf28       _fftw_codelet_q1fv_8       100ccf28 f   FFTW3d:q1fv_8.obj
 0001:000cc054       _fftw_codelet_q1bv_2       100cd054 f   FFTW3d:q1bv_2.obj
 0001:000cc5f0       _fftw_codelet_q1bv_4       100cd5f0 f   FFTW3d:q1bv_4.obj
 0001:000ce038       _fftw_codelet_q1bv_8       100cf038 f   FFTW3d:q1bv_8.obj
 0001:000ce198       _fftw_codelet_q1_2         100cf198 f   FFTW3d:q1_2.obj
 0001:000ce868       _fftw_codelet_q1_4         100cf868 f   FFTW3d:q1_4.obj
 0001:000d0a10       _fftw_codelet_q1_8         100d1a10 f   FFTW3d:q1_8.obj
 0001:000d0e20       _fftw_codelet_q1_3         100d1e20 f   FFTW3d:q1_3.obj
 0001:000d1c70       _fftw_codelet_q1_5         100d2c70 f   FFTW3d:q1_5.obj
 0001:000d2ea0       _fftw_codelet_q1_6         100d3ea0 f   FFTW3d:q1_6.obj
 0001:000d2f54       _fftw_codelet_n1_2         100d3f54 f   FFTW3d:n1_2.obj
 0001:000d3068       _fftw_codelet_n1_3         100d4068 f   FFTW3d:n1_3.obj
 0001:000d3198       _fftw_codelet_n1_4         100d4198 f   FFTW3d:n1_4.obj
 0001:000d33c0       _fftw_codelet_n1_5         100d43c0 f   FFTW3d:n1_5.obj
 0001:000d3610       _fftw_codelet_n1_6         100d4610 f   FFTW3d:n1_6.obj
 0001:000d39c8       _fftw_codelet_n1_7         100d49c8 f   FFTW3d:n1_7.obj
 0001:000d3cc8       _fftw_codelet_n1_8         100d4cc8 f   FFTW3d:n1_8.obj
 0001:000d4198       _fftw_codelet_n1_9         100d5198 f   FFTW3d:n1_9.obj
 0001:000d4698       _fftw_codelet_n1_10        100d5698 f   FFTW3d:n1_10.obj
 0001:000d4ec0       _fftw_codelet_n1_11        100d5ec0 f   FFTW3d:n1_11.obj
 0001:000d53d8       _fftw_codelet_n1_12        100d63d8 f   FFTW3d:n1_12.obj
 0001:000d5dc4       _fftw_codelet_n1_13        100d6dc4 f   FFTW3d:n1_13.obj
 0001:000d65d8       _fftw_codelet_n1_14        100d75d8 f   FFTW3d:n1_14.obj
 0001:000d6f68       _fftw_codelet_n1_15        100d7f68 f   FFTW3d:n1_15.obj
 0001:000d7744       _fftw_codelet_n1_16        100d8744 f   FFTW3d:n1_16.obj
 0001:000d7ebc       _fftw_codelet_m1_16        100d8ebc f   FFTW3d:m1_16.obj
 0001:000d9110       _fftw_codelet_m1_32        100da110 f   FFTW3d:m1_32.obj
 0001:000dc710       _fftw_codelet_m1_64        100dd710 f   FFTW3d:m1_64.obj
 0001:000dc7c8       _fftw_codelet_t1_2         100dd7c8 f   FFTW3d:t1_2.obj
 0001:000dc914       _fftw_codelet_t1_3         100dd914 f   FFTW3d:t1_3.obj
 0001:000dcab0       _fftw_codelet_t1_4         100ddab0 f   FFTW3d:t1_4.obj
 0001:000dcd70       _fftw_codelet_t1_5         100ddd70 f   FFTW3d:t1_5.obj
 0001:000dd048       _fftw_codelet_t1_6         100de048 f   FFTW3d:t1_6.obj
 0001:000dd494       _fftw_codelet_t1_7         100de494 f   FFTW3d:t1_7.obj
 0001:000dd82c       _fftw_codelet_t1_8         100de82c f   FFTW3d:t1_8.obj
 0001:000dde04       _fftw_codelet_t1_9         100dee04 f   FFTW3d:t1_9.obj
 0001:000de4a8       _fftw_codelet_t1_10        100df4a8 f   FFTW3d:t1_10.obj
 0001:000deb84       _fftw_codelet_t1_12        100dfb84 f   FFTW3d:t1_12.obj
 0001:000df6d4       _fftw_codelet_t1_15        100e06d4 f   FFTW3d:t1_15.obj
 0001:000e01a4       _fftw_codelet_t1_16        100e11a4 f   FFTW3d:t1_16.obj
 0001:000e1d10       _fftw_codelet_t1_32        100e2d10 f   FFTW3d:t1_32.obj
 0001:000e5e90       _fftw_codelet_t1_64        100e6e90 f   FFTW3d:t1_64.obj
 0001:000e6054       _fftw_codelet_t2_4         100e7054 f   FFTW3d:t2_4.obj
 0001:000e656c       _fftw_codelet_t2_8         100e756c f   FFTW3d:t2_8.obj
 0001:000e723c       _fftw_codelet_t2_16        100e823c f   FFTW3d:t2_16.obj
 0001:000e92b4       _fftw_codelet_t2_32        100ea2b4 f   FFTW3d:t2_32.obj
 0001:000edeb8       _fftw_codelet_t2_64        100eeeb8 f   FFTW3d:t2_64.obj
 0001:000eded0       _fftw_mkplan_dft           100eeed0 f   FFTW3d:plan.obj
 0001:000eded0       _fftw_mkplan_rdft2         100eeed0 f   FFTW3d:plan.obj
 0001:000eded0       _fftw_mkplan_rdft          100eeed0 f   FFTW3d:plan.obj
 0001:000edee8       _fftw_rdft2_inplace_strides 100eeee8 f   FFTW3d:rdft2-inplace-strides.obj
 0001:000ee078       _fftwf_rdft2_solve         100ef078 f   FFTW3d:solve2.obj
 0001:000ee078       _fftw_rdft2_solve          100ef078 f   FFTW3d:solve2.obj
 0001:000ee280       _fftw_codelet_e01_8        100ef280 f   FFTW3d:e01_8.obj
 0001:000ee48c       _fftw_codelet_e10_8        100ef48c f   FFTW3d:e10_8.obj
 0001:000ee53c       _fftw_codelet_hc2r_3       100ef53c f   FFTW3d:hc2r_3.obj
 0001:000ee610       _fftw_codelet_hc2r_4       100ef610 f   FFTW3d:hc2r_4.obj
 0001:000ee738       _fftw_codelet_hc2r_5       100ef738 f   FFTW3d:hc2r_5.obj
 0001:000ee85c       _fftw_codelet_hc2r_6       100ef85c f   FFTW3d:hc2r_6.obj
 0001:000eea70       _fftw_codelet_hc2r_7       100efa70 f   FFTW3d:hc2r_7.obj
 0001:000eebf4       _fftw_codelet_hc2r_8       100efbf4 f   FFTW3d:hc2r_8.obj
 0001:000eee30       _fftw_codelet_hc2r_9       100efe30 f   FFTW3d:hc2r_9.obj
 0001:000ef068       _fftw_codelet_hc2r_10      100f0068 f   FFTW3d:hc2r_10.obj
 0001:000ef4b8       _fftw_codelet_hc2r_11      100f04b8 f   FFTW3d:hc2r_11.obj
 0001:000ef70c       _fftw_codelet_hc2r_12      100f070c f   FFTW3d:hc2r_12.obj
 0001:000efb6c       _fftw_codelet_hc2r_13      100f0b6c f   FFTW3d:hc2r_13.obj
 0001:000eff48       _fftw_codelet_hc2r_14      100f0f48 f   FFTW3d:hc2r_14.obj
 0001:000f0368       _fftw_codelet_hc2r_15      100f1368 f   FFTW3d:hc2r_15.obj
 0001:000f06cc       _fftw_codelet_hc2r_16      100f16cc f   FFTW3d:hc2r_16.obj
 0001:000f0f50       _fftw_codelet_hc2r_32      100f1f50 f   FFTW3d:hc2r_32.obj
 0001:000f17d8       _fftw_codelet_mhc2r_32     100f27d8 f   FFTW3d:mhc2r_32.obj
 0001:000f2ee0       _fftw_codelet_mhc2r_64     100f3ee0 f   FFTW3d:mhc2r_64.obj
 0001:000f67c8       _fftw_codelet_mhc2r_128    100f77c8 f   FFTW3d:mhc2r_128.obj
 0001:000f68b0       _fftw_codelet_hb_2         100f78b0 f   FFTW3d:hb_2.obj
 0001:000f6a3c       _fftw_codelet_hb_3         100f7a3c f   FFTW3d:hb_3.obj
 0001:000f6c2c       _fftw_codelet_hb_4         100f7c2c f   FFTW3d:hb_4.obj
 0001:000f6f10       _fftw_codelet_hb_5         100f7f10 f   FFTW3d:hb_5.obj
 0001:000f7250       _fftw_codelet_hb_6         100f8250 f   FFTW3d:hb_6.obj
 0001:000f77d8       _fftw_codelet_hb_7         100f87d8 f   FFTW3d:hb_7.obj
 0001:000f7c5c       _fftw_codelet_hb_8         100f8c5c f   FFTW3d:hb_8.obj
 0001:000f8368       _fftw_codelet_hb_9         100f9368 f   FFTW3d:hb_9.obj
 0001:000f8aa8       _fftw_codelet_hb_10        100f9aa8 f   FFTW3d:hb_10.obj
 0001:000f91ec       _fftw_codelet_hb_12        100fa1ec f   FFTW3d:hb_12.obj
 0001:000f9f68       _fftw_codelet_hb_15        100faf68 f   FFTW3d:hb_15.obj
 0001:000faa18       _fftw_codelet_hb_16        100fba18 f   FFTW3d:hb_16.obj
 0001:000fc850       _fftw_codelet_hb_32        100fd850 f   FFTW3d:hb_32.obj
 0001:0010105c       _fftw_codelet_hb_64        1010205c f   FFTW3d:hb_64.obj
 0001:00101188       _fftw_codelet_hc2rIII_2    10102188 f   FFTW3d:hc2rIII_2.obj
 0001:00101230       _fftw_codelet_hc2rIII_3    10102230 f   FFTW3d:hc2rIII_3.obj
 0001:00101304       _fftw_codelet_hc2rIII_4    10102304 f   FFTW3d:hc2rIII_4.obj
 0001:00101430       _fftw_codelet_hc2rIII_5    10102430 f   FFTW3d:hc2rIII_5.obj
 0001:00101558       _fftw_codelet_hc2rIII_6    10102558 f   FFTW3d:hc2rIII_6.obj
 0001:00101768       _fftw_codelet_hc2rIII_7    10102768 f   FFTW3d:hc2rIII_7.obj
 0001:00101928       _fftw_codelet_hc2rIII_8    10102928 f   FFTW3d:hc2rIII_8.obj
 0001:00101b68       _fftw_codelet_hc2rIII_9    10102b68 f   FFTW3d:hc2rIII_9.obj
 0001:00101db0       _fftw_codelet_hc2rIII_10   10102db0 f   FFTW3d:hc2rIII_10.obj
 0001:00102064       _fftw_codelet_hc2rIII_12   10103064 f   FFTW3d:hc2rIII_12.obj
 0001:00102428       _fftw_codelet_hc2rIII_15   10103428 f   FFTW3d:hc2rIII_15.obj
 0001:00102844       _fftw_codelet_hc2rIII_16   10103844 f   FFTW3d:hc2rIII_16.obj
 0001:00103244       _fftw_codelet_hc2rIII_32   10104244 f   FFTW3d:hc2rIII_32.obj
 0001:00103c4c       _fftw_codelet_mhc2rIII_32  10104c4c f   FFTW3d:mhc2rIII_32.obj
 0001:001057ac       _fftw_codelet_mhc2rIII_64  101067ac f   FFTW3d:mhc2rIII_64.obj
 0001:00105834       _fftw_codelet_r2hc_2       10106834 f   FFTW3d:r2hc_2.obj
 0001:001058e8       _fftw_codelet_r2hc_3       101068e8 f   FFTW3d:r2hc_3.obj
 0001:001059a0       _fftw_codelet_r2hc_4       101069a0 f   FFTW3d:r2hc_4.obj
 0001:00105aac       _fftw_codelet_r2hc_5       10106aac f   FFTW3d:r2hc_5.obj
 0001:00105bcc       _fftw_codelet_r2hc_6       10106bcc f   FFTW3d:r2hc_6.obj
 0001:00105d8c       _fftw_codelet_r2hc_7       10106d8c f   FFTW3d:r2hc_7.obj
 0001:00105ee0       _fftw_codelet_r2hc_8       10106ee0 f   FFTW3d:r2hc_8.obj
 0001:0010617c       _fftw_codelet_r2hc_9       1010717c f   FFTW3d:r2hc_9.obj
 0001:00106394       _fftw_codelet_r2hc_10      10107394 f   FFTW3d:r2hc_10.obj
 0001:00106758       _fftw_codelet_r2hc_11      10107758 f   FFTW3d:r2hc_11.obj
 0001:001069a0       _fftw_codelet_r2hc_12      101079a0 f   FFTW3d:r2hc_12.obj
 0001:00106df8       _fftw_codelet_r2hc_13      10107df8 f   FFTW3d:r2hc_13.obj
 0001:001071dc       _fftw_codelet_r2hc_14      101081dc f   FFTW3d:r2hc_14.obj
 0001:001075d8       _fftw_codelet_r2hc_15      101085d8 f   FFTW3d:r2hc_15.obj
 0001:00107954       _fftw_codelet_r2hc_16      10108954 f   FFTW3d:r2hc_16.obj
 0001:001081d0       _fftw_codelet_r2hc_32      101091d0 f   FFTW3d:r2hc_32.obj
 0001:001089e4       _fftw_codelet_mr2hc_32     101099e4 f   FFTW3d:mr2hc_32.obj
 0001:00109e78       _fftw_codelet_mr2hc_64     1010ae78 f   FFTW3d:mr2hc_64.obj
 0001:0010d930       _fftw_codelet_mr2hc_128    1010e930 f   FFTW3d:mr2hc_128.obj
 0001:0010da00       _fftw_codelet_hf_2         1010ea00 f   FFTW3d:hf_2.obj
 0001:0010db6c       _fftw_codelet_hf_3         1010eb6c f   FFTW3d:hf_3.obj
 0001:0010dd34       _fftw_codelet_hf_4         1010ed34 f   FFTW3d:hf_4.obj
 0001:0010e048       _fftw_codelet_hf_5         1010f048 f   FFTW3d:hf_5.obj
 0001:0010e37c       _fftw_codelet_hf_6         1010f37c f   FFTW3d:hf_6.obj
 0001:0010e854       _fftw_codelet_hf_7         1010f854 f   FFTW3d:hf_7.obj
 0001:0010ec94       _fftw_codelet_hf_8         1010fc94 f   FFTW3d:hf_8.obj
 0001:0010f338       _fftw_codelet_hf_9         10110338 f   FFTW3d:hf_9.obj
 0001:0010fad4       _fftw_codelet_hf_10        10110ad4 f   FFTW3d:hf_10.obj
 0001:00110280       _fftw_codelet_hf_12        10111280 f   FFTW3d:hf_12.obj
 0001:00110f58       _fftw_codelet_hf_15        10111f58 f   FFTW3d:hf_15.obj
 0001:00111ad4       _fftw_codelet_hf_16        10112ad4 f   FFTW3d:hf_16.obj
 0001:00113914       _fftw_codelet_hf_32        10114914 f   FFTW3d:hf_32.obj
 0001:00117ad8       _fftw_codelet_hf_64        10118ad8 f   FFTW3d:hf_64.obj
 0001:00117ce0       _fftw_codelet_hf2_4        10118ce0 f   FFTW3d:hf2_4.obj
 0001:0011829c       _fftw_codelet_hf2_8        1011929c f   FFTW3d:hf2_8.obj
 0001:00119278       _fftw_codelet_hf2_16       1011a278 f   FFTW3d:hf2_16.obj
 0001:0011b5b4       _fftw_codelet_hf2_32       1011c5b4 f   FFTW3d:hf2_32.obj
 0001:00121080       _fftw_codelet_hf2_64       10122080 f   FFTW3d:hf2_64.obj
 0001:0012117c       _fftw_codelet_r2hcII_2     1012217c f   FFTW3d:r2hcII_2.obj
[...]
 0001:001324e4       _applicable                101334e4 f   FFTW3l:generic.obj
 0001:00132538       _mkplan                    10133538 f   FFTW3l:generic.obj
 0001:0013273c       _mksolver                  1013373c f   FFTW3l:generic.obj
 0001:001306d8       _apply_aux                 101316d8 f   FFTW3l:rader-hc2hc.obj
 0001:00130784       _apply_dit                 10131784 f   FFTW3l:rader-hc2hc.obj
 0001:00130d28       _apply_dif                 10131d28 f   FFTW3l:rader-hc2hc.obj
 0001:00131338       _mktwiddle                 10132338 f   FFTW3l:rader-hc2hc.obj
 0001:001314b0       _free_twiddle              101324b0 f   FFTW3l:rader-hc2hc.obj
 0001:001314c4       _awake                     101324c4 f   FFTW3l:rader-hc2hc.obj
 0001:0013154c       _destroy                   1013254c f   FFTW3l:rader-hc2hc.obj
 0001:00131570       _print                     10132570 f   FFTW3l:rader-hc2hc.obj
 0001:001315a4       _applicable0               101325a4 f   FFTW3l:rader-hc2hc.obj
 0001:00131600       _applicable                10132600 f   FFTW3l:rader-hc2hc.obj
 0001:00131630       _mkP                       10132630 f   FFTW3l:rader-hc2hc.obj
 0001:00131794       _mkplan_dit                10132794 f   FFTW3l:rader-hc2hc.obj
 0001:001318c0       _mkplan_dif                101328c0 f   FFTW3l:rader-hc2hc.obj
 0001:001319e8       _mksolver_dit              101329e8 f   FFTW3l:rader-hc2hc.obj
 0001:00131a00       _mksolver_dif              10132a00 f   FFTW3l:rader-hc2hc.obj
 0001:001301d4       _apply                     101311d4 f   FFTW3l:buffered.obj
 0001:0013028c       _awake                     1013128c f   FFTW3l:buffered.obj
 0001:0012e384       _destroy                   1012f384 f   FFTW3l:buffered.obj
 0001:00099ad4       _print                     1009aad4 f   FFTW3d:buffered.obj
 0001:0000d14c       _compute_nbuf              1000e14c f   FFTW3f:buffered2.obj
 0001:0000857c       _toobig                    1000957c f   FFTW3f:buffered.obj
 0001:001302b8       _applicable0               101312b8 f   FFTW3l:buffered.obj
 0001:00130374       _applicable                10131374 f   FFTW3l:buffered.obj
 0001:001303e0       _mkplan                    101313e0 f   FFTW3l:buffered.obj
 0001:001306a8       _mksolver                  101316a8 f   FFTW3l:buffered.obj
 0001:0000c108       _apply                     1000d108 f   FFTW3f:nop2.obj
 0001:00130118       _applicable                10131118 f   FFTW3l:nop.obj
 0001:000999ac       _print                     1009a9ac f   FFTW3d:nop.obj
 0001:00130174       _mkplan                    10131174 f   FFTW3l:nop.obj
 0001:001301b0       _mksolver                  101311b0 f   FFTW3l:nop.obj
 0001:0012fe1c       _apply                     10130e1c f   FFTW3l:vrank-geq1.obj
 0001:0009d504       _awake                     1009e504 f   FFTW3d:vrank-geq1-rdft2.obj
 0001:0012d740       _destroy                   1012e740 f   FFTW3l:vrank-geq1.obj
 0001:00008144       _print                     10009144 f   FFTW3f:vrank-geq1.obj
 0001:0012d770       _pickdim                   1012e770 f   FFTW3l:vrank-geq1.obj
 0001:0012fe98       _applicable0               10130e98 f   FFTW3l:vrank-geq1.obj
 0001:0012fef0       _applicable                10130ef0 f   FFTW3l:vrank-geq1.obj
 0001:0012ffe4       _mkplan                    10130fe4 f   FFTW3l:vrank-geq1.obj
 0001:001300c0       _mksolver                  101310c0 f   FFTW3l:vrank-geq1.obj
 0001:0012fcd8       _applicable                10130cd8 f   FFTW3l:rank0.obj
 0001:0012fd1c       _apply_1                   10130d1c f   FFTW3l:rank0.obj
 0001:00096648       _applicable_1              10097648 f   FFTW3d:rank0.obj
 0001:000994c8       _apply_vec                 1009a4c8 f   FFTW3d:rank0.obj
 0001:000995b0       _applicable_vec            1009a5b0 f   FFTW3d:rank0.obj
 0001:0012fd2c       _apply_io1                 10130d2c f   FFTW3l:rank0.obj
 0001:0012fd44       _applicable_io1            10130d44 f   FFTW3l:rank0.obj
 0001:000051b0       _print                     100061b0 f   FFTW3f:rank0.obj
 0001:0012fd78       _mkplan                    10130d78 f   FFTW3l:rank0.obj
 0001:0012fddc       _mksolver                  10130ddc f   FFTW3l:rank0.obj
 0001:0009bf58       _apply_before              1009cf58 f   FFTW3d:rank-geq2.obj
 0001:0012fa04       _mkcld_before              10130a04 f   FFTW3l:indirect.obj
 0001:0012fa38       _apply_after               10130a38 f   FFTW3l:indirect.obj
 0001:0012fa60       _mkcld_after               10130a60 f   FFTW3l:indirect.obj
 0001:00134e34       _destroy                   10135e34 f   FFTW3l:buffered2.obj
 0001:0000d5f4       _awake                     1000e5f4 f   FFTW3f:rank-geq2-rdft2.obj
 0001:00004cc8       _print                     10005cc8 f   FFTW3f:indirect.obj
 0001:0012fa94       _applicable0               10130a94 f   FFTW3l:indirect.obj
 0001:0012fb84       _applicable                10130b84 f   FFTW3l:indirect.obj
 0001:0012fbc0       _mkplan                    10130bc0 f   FFTW3l:indirect.obj
 0001:0012fc98       _mksolver                  10130c98 f   FFTW3l:indirect.obj
 0001:0000c108       _apply                     1000d108 f   FFTW3f:nop2.obj
 0001:0012f948       _applicable                10130948 f   FFTW3l:nop.obj
 0001:0009911c       _print                     1009a11c f   FFTW3d:nop.obj
 0001:0012f9a4       _mkplan                    101309a4 f   FFTW3l:nop.obj
 0001:0012f9e0       _mksolver                  101309e0 f   FFTW3l:nop.obj
 0001:00098284       _apply_aux                 10099284 f   FFTW3d:rader.obj
 0001:0012eda4       _apply                     1012fda4 f   FFTW3l:rader.obj
 0001:0012efd0       _apply_dit                 1012ffd0 f   FFTW3l:rader.obj
 0001:0012f1cc       _mktwiddle                 101301cc f   FFTW3l:rader.obj
 0001:0012f330       _free_twiddle              10130330 f   FFTW3l:rader.obj
 0001:0012f344       _awake                     10130344 f   FFTW3l:rader.obj
 0001:0012f394       _awake_dit                 10130394 f   FFTW3l:rader.obj
 0001:001338f0       _destroy                   101348f0 f   FFTW3l:dht-rader.obj
 0001:0012f3e4       _destroy_dit               101303e4 f   FFTW3l:rader.obj
 0001:0000756c       _print_aux                 1000856c f   FFTW3f:rader.obj
 0001:0012f3fc       _print                     101303fc f   FFTW3l:rader.obj
 0001:0012f41c       _print_dit                 1013041c f   FFTW3l:rader.obj
 0001:0012f444       _applicable0               10130444 f   FFTW3l:rader.obj
 0001:0012f488       _applicable0_dit           10130488 f   FFTW3l:rader.obj
 0001:0012f4c4       _applicable                101304c4 f   FFTW3l:rader.obj
 0001:0012f4f4       _applicable_dit            101304f4 f   FFTW3l:rader.obj
 0001:0012f524       _mkP                       10130524 f   FFTW3l:rader.obj
 0001:0012f740       _mkplan                    10130740 f   FFTW3l:rader.obj
 0001:0012f7bc       _mkplan_dit                101307bc f   FFTW3l:rader.obj
 0001:0012f900       _mksolver                  10130900 f   FFTW3l:rader.obj
 0001:0012f910       _mksolver_dit              10130910 f   FFTW3l:rader.obj
 0001:0012e8a0       _apply                     1012f8a0 f   FFTW3l:generic.obj
 0001:0012eb74       _awake                     1012fb74 f   FFTW3l:generic.obj
 0001:0012d740       _destroy                   1012e740 f   FFTW3l:vrank-geq1.obj
 0001:0012ebac       _print                     1012fbac f   FFTW3l:generic.obj
 0001:0012ebc8       _applicable0               1012fbc8 f   FFTW3l:generic.obj
 0001:0012ec04       _applicable                1012fc04 f   FFTW3l:generic.obj
 0001:0012ec50       _mkplan                    1012fc50 f   FFTW3l:generic.obj
 0001:0012ed80       _mksolver                  1012fd80 f   FFTW3l:generic.obj
 0001:0012e24c       _apply                     1012f24c f   FFTW3l:buffered.obj
 0001:0013028c       _awake                     1013128c f   FFTW3l:buffered.obj
 0001:0012e384       _destroy                   1012f384 f   FFTW3l:buffered.obj
 0001:0012e3a8       _print                     1012f3a8 f   FFTW3l:buffered.obj
 0001:0000d14c       _compute_nbuf              1000e14c f   FFTW3f:buffered2.obj
 0001:0000857c       _toobig                    1000957c f   FFTW3f:buffered.obj
 0001:0012e3e4       _applicable0               1012f3e4 f   FFTW3l:buffered.obj
 0001:0012e4a0       _applicable                1012f4a0 f   FFTW3l:buffered.obj
 0001:0012e50c       _mkplan                    1012f50c f   FFTW3l:buffered.obj
 0001:0012e870       _mksolver                  1012f870 f   FFTW3l:buffered.obj
 0001:000970c8       _t                         100980c8 f   FFTW3d:vrank3-transpose.obj
 0001:0012dd3c       _apply                     1012ed3c f   FFTW3l:vrank3-transpose.obj
 0001:0012dd60       _apply_general             1012ed60 f   FFTW3l:vrank3-transpose.obj
 0001:0012ddc4       _apply_slow                1012edc4 f   FFTW3l:vrank3-transpose.obj
 0001:0012de50       _pickdim                   1012ee50 f   FFTW3l:vrank3-transpose.obj
 0001:0012df54       _applicable0               1012ef54 f   FFTW3l:vrank3-transpose.obj
 0001:0012dfb0       _applicable                1012efb0 f   FFTW3l:vrank3-transpose.obj
 0001:0012e060       _print                     1012f060 f   FFTW3l:vrank3-transpose.obj
 0001:0012e080       _mkplan                    1012f080 f   FFTW3l:vrank3-transpose.obj
 0001:0012e228       _mksolver                  1012f228 f   FFTW3l:vrank3-transpose.obj
 0001:0012d9f0       _t                         1012e9f0 f   FFTW3l:vrank2-transpose.obj
 0001:0012daa4       _apply                     1012eaa4 f   FFTW3l:vrank2-transpose.obj
 0001:0012dac4       _apply_general             1012eac4 f   FFTW3l:vrank2-transpose.obj
 0001:0012db18       _apply_slow                1012eb18 f   FFTW3l:vrank2-transpose.obj
 0001:0012db7c       _applicable                1012eb7c f   FFTW3l:vrank2-transpose.obj
 0001:00005af0       _print                     10006af0 f   FFTW3f:vrank2-transpose.obj
 0001:0012dc04       _mkplan                    1012ec04 f   FFTW3l:vrank2-transpose.obj
 0001:0012dd18       _mksolver                  1012ed18 f   FFTW3l:vrank2-transpose.obj
 0001:0012d678       _apply                     1012e678 f   FFTW3l:vrank-geq1.obj
 0001:0009d504       _awake                     1009e504 f   FFTW3d:vrank-geq1-rdft2.obj
 0001:0012d740       _destroy                   1012e740 f   FFTW3l:vrank-geq1.obj
 0001:0012d750       _print                     1012e750 f   FFTW3l:vrank-geq1.obj
 0001:0012d770       _pickdim                   1012e770 f   FFTW3l:vrank-geq1.obj
 0001:0012d794       _applicable0               1012e794 f   FFTW3l:vrank-geq1.obj
 0001:0012d7ec       _applicable                1012e7ec f   FFTW3l:vrank-geq1.obj
 0001:0012d8bc       _mkplan                    1012e8bc f   FFTW3l:vrank-geq1.obj
 0001:0012d998       _mksolver                  1012e998 f   FFTW3l:vrank-geq1.obj
 0001:00005274       _apply                     10006274 f   FFTW3f:rank-geq2.obj
 0001:0000d5f4       _awake                     1000e5f4 f   FFTW3f:rank-geq2-rdft2.obj
 0001:00134e34       _destroy                   10135e34 f   FFTW3l:buffered2.obj
 0001:0012d3b4       _print                     1012e3b4 f   FFTW3l:rank-geq2.obj
 0001:0012d3d4       _picksplit                 1012e3d4 f   FFTW3l:rank-geq2.obj
 0001:0012d414       _applicable0               1012e414 f   FFTW3l:rank-geq2.obj
 0001:0012d458       _applicable                1012e458 f   FFTW3l:rank-geq2.obj
 0001:0012d4c8       _mkplan                    1012e4c8 f   FFTW3l:rank-geq2.obj
 0001:0012d620       _mksolver                  1012e620 f   FFTW3l:rank-geq2.obj
 0001:0012d1b0       _applicable                1012e1b0 f   FFTW3l:rank0.obj
 0001:0009662c       _apply_1                   1009762c f   FFTW3d:rank0.obj
 0001:00096648       _applicable_1              10097648 f   FFTW3d:rank0.obj
 0001:0009665c       _apply_vec                 1009765c f   FFTW3d:rank0.obj
 0001:0012d1f4       _applicable_vec            1012e1f4 f   FFTW3l:rank0.obj
 0001:00096748       _apply_io1                 10097748 f   FFTW3d:rank0.obj
 0001:0012d214       _applicable_io1            1012e214 f   FFTW3l:rank0.obj
 0001:0012d248       _apply_io2r                1012e248 f   FFTW3l:rank0.obj
 0001:0012d264       _applicable_io2r           1012e264 f   FFTW3l:rank0.obj
 0001:0012d2ac       _apply_io2i                1012e2ac f   FFTW3l:rank0.obj
 0001:0012d2c8       _applicable_io2i           1012e2c8 f   FFTW3l:rank0.obj
 0001:000051b0       _print                     100061b0 f   FFTW3f:rank0.obj
 0001:0012d310       _mkplan                    1012e310 f   FFTW3l:rank0.obj
 0001:0012d374       _mksolver                  1012e374 f   FFTW3l:rank0.obj
 0001:00005274       _apply_before              10006274 f   FFTW3f:rank-geq2.obj
 0001:0012cecc       _mkcld_before              1012decc f   FFTW3l:indirect.obj
 0001:0012cf00       _apply_after               1012df00 f   FFTW3l:indirect.obj
 0001:0012cf34       _mkcld_after               1012df34 f   FFTW3l:indirect.obj
 0001:00134e34       _destroy                   10135e34 f   FFTW3l:buffered2.obj
 0001:0000d5f4       _awake                     1000e5f4 f   FFTW3f:rank-geq2-rdft2.obj
 0001:00004cc8       _print                     10005cc8 f   FFTW3f:indirect.obj
 0001:0012cf68       _applicable0               1012df68 f   FFTW3l:indirect.obj
 0001:0012d058       _applicable                1012e058 f   FFTW3l:indirect.obj
 0001:0012d094       _mkplan                    1012e094 f   FFTW3l:indirect.obj
 0001:0012d170       _mksolver                  1012e170 f   FFTW3l:indirect.obj
 0001:0012cd10       _measure                   1012dd10 f   FFTW3l:timer.obj
 0001:00004bc4       _getticks                  10005bc4 f   FFTW3f:timer.obj
 0001:00095fe0       _get_prime_factors         10096fe0 f   FFTW3d:primes.obj
 0001:0012c830       _doblock                   1012d830 f   FFTW3l:md5.obj
 0001:0009591c       _strides_contig            1009691c f   FFTW3d:tensor7.obj
 0001:0012c338       _recur                     1012d338 f   FFTW3l:zero.obj
 0001:0012c0c0       _dimcpy                    1012d0c0 f   FFTW3l:tensor5.obj
 0001:00003b0c       _rowmajor_kosherp          10004b0c f   FFTW3f:mktensor-rowmajor.obj
 0001:00003800       _iodims_kosherp            10004800 f   FFTW3f:mktensor-iodims.obj
 0001:00094bc8       _mygetc                    10095bc8 f   FFTW3d:scan.obj
 0001:0012b830       _myungetc                  1012c830 f   FFTW3l:scan.obj
 0001:0012b83c       _eat_blanks                1012c83c f   FFTW3l:scan.obj
 0001:0012b870       _mygets                    1012c870 f   FFTW3l:scan.obj
 0001:0012b8f0       _getlong                   1012c8f0 f   FFTW3l:scan.obj
 0001:0012b9ac       _vscan                     1012c9ac f   FFTW3l:scan.obj
 0001:0012bb28       _scan                      1012cb28 f   FFTW3l:scan.obj
 0001:0012b5f0       _map_flags                 1012c5f0 f   FFTW3l:mapflags.obj
 0001:0012a820       _addmod                    1012b820 f   FFTW3l:planner.obj
 0001:0012a834       _sgrow                     1012b834 f   FFTW3l:planner.obj
 0001:0012a950       _register_solver           1012b950 f   FFTW3l:planner.obj
 0001:0012a9b0       _slookup                   1012b9b0 f   FFTW3l:planner.obj
 0001:00093eac       _h1                        10094eac f   FFTW3d:planner.obj
 0001:0012aa64       _h2                        1012ba64 f   FFTW3l:planner.obj
 0001:0012aa80       _md5hash                   1012ba80 f   FFTW3l:planner.obj
 0001:000025f8       _md5eq                     100035f8 f   FFTW3f:planner.obj
 0001:0012aac0       _sigcpy                    1012bac0 f   FFTW3l:planner.obj
 0001:0012aae0       _hlookup                   1012bae0 f   FFTW3l:planner.obj
 0001:0012aba4       _hinsert0                  1012bba4 f   FFTW3l:planner.obj
 0001:0012ac28       _rehash                    1012bc28 f   FFTW3l:planner.obj
 0001:00094144       _minsz                     10095144 f   FFTW3d:planner.obj
 0001:0012ad24       _nextsz                    1012bd24 f   FFTW3l:planner.obj
 0001:0012ad38       _hgrow                     1012bd38 f   FFTW3l:planner.obj
 0001:0012ad60       _hshrink                   1012bd60 f   FFTW3l:planner.obj
 0001:0012ad7c       _merge_flags               1012bd7c f   FFTW3l:planner.obj
 0001:0012ad9c       _hinsert                   1012bd9c f   FFTW3l:planner.obj
 0001:0012ae28       _hcurse_subsumed           1012be28 f   FFTW3l:planner.obj
 0001:0012af3c       _invoke_hook               1012bf3c f   FFTW3l:planner.obj
 0001:0012af5c       _evaluate_plan             1012bf5c f   FFTW3l:planner.obj
 0001:00002af4       _invoke_solver             10003af4 f   FFTW3f:planner.obj
 0001:0012afec       _search                    1012bfec f   FFTW3l:planner.obj
 0001:0012b14c       _mkplan                    1012c14c f   FFTW3l:planner.obj
 0001:0012b250       _forget                    1012c250 f   FFTW3l:planner.obj
 0001:0012b2dc       _htab_destroy              1012c2dc f   FFTW3l:planner.obj
 0001:0012b300       _exprt                     1012c300 f   FFTW3l:planner.obj
 0001:0012b3b0       _imprt                     1012c3b0 f   FFTW3l:planner.obj
 0001:0012a1bc       _destroy                   1012b1bc f   FFTW3l:problem.obj
 0001:0012a1d8       _kind_hash                 1012b1d8 f   FFTW3l:problem.obj
 0001:0012a220       _hash                      1012b220 f   FFTW3l:problem.obj
 0001:0012a290       _recur                     1012b290 f   FFTW3l:problem.obj
 0001:0012a428       _print                     1012b428 f   FFTW3l:problem.obj
 0001:0012a494       _zero                      1012b494 f   FFTW3l:problem.obj
 0001:0012a4d0       _nontrivial                1012b4d0 f   FFTW3l:problem.obj
 0001:0012a1bc       _destroy                   1012b1bc f   FFTW3l:problem.obj
 0001:00129f30       _hash                      1012af30 f   FFTW3l:problem2.obj
 0001:00129fd0       _print                     1012afd0 f   FFTW3l:problem2.obj
 0001:0012a00c       _zero                      1012b00c f   FFTW3l:problem2.obj
 0001:0012a1bc       _destroy                   1012b1bc f   FFTW3l:problem.obj
 0001:00129d5c       _hash                      1012ad5c f   FFTW3l:problem.obj
 0001:00129dfc       _print                     1012adfc f   FFTW3l:problem.obj
 0001:00129e54       _zero                      1012ae54 f   FFTW3l:problem.obj
 0001:00001508       _myputs                    10002508 f   FFTW3f:print.obj
 0001:001299c0       _vprint                    1012a9c0 f   FFTW3l:print.obj
 0001:00129cf4       _print                     1012acf4 f   FFTW3l:print.obj
 0001:00128e14       _myflush                   10129e14 f   FFTW3l:mkprinter-file.obj
 0001:00128e40       _myputchr                  10129e40 f   FFTW3l:mkprinter-file.obj
 0001:00128e74       _mycleanup                 10129e74 f   FFTW3l:mkprinter-file.obj
 0001:0000063c       _getchr_str                1000163c f   FFTW3f:import-wisdom-from-string.obj
 0001:00128dd0       _mkscanner_str             10129dd0 f   FFTW3l:import-wisdom-from-string.obj
 0001:00091f10       _getchr_file               10092f10 f   FFTW3d:import-wisdom-from-file.obj
 0001:00128d78       _mkscanner_file            10129d78 f   FFTW3l:import-wisdom-from-file.obj
 0001:00000598       _getchr_generic            10001598 f   FFTW3f:import-wisdom.obj
 0001:00000428       _putchr_cnt                10001428 f   FFTW3f:export-wisdom-to-string.obj
 0001:00128bb8       _mkprinter_cnt             10129bb8 f   FFTW3l:export-wisdom-to-string.obj
 0001:00128bd8       _putchr_str                10129bd8 f   FFTW3l:export-wisdom-to-string.obj
 0001:00128bf4       _mkprinter_str             10129bf4 f   FFTW3l:export-wisdom-to-string.obj
 0001:00128b40       _putchr_generic            10129b40 f   FFTW3l:export-wisdom.obj

 5544 bytes saved through ICF

